altufm_spi=mega_file_altufm_spi.htm
altfp_log=mega_file_altfp_log.htm
altfp_exp=mega_file_altfp_exp.htm
altfp_div=mega_file_altfp_div.htm
altfp_compare=mega_file_altfp_compare.htm
ALTMEMPHY=mega_file_altmemphy.htm
lpm_and=mega_file_lpm_and.htm
lpm_dff*=mega_file_lpm_dff.htm
alt_oct=mega_file_alt_oct.htm
dcfifo=mega_file_dcfifo.htm
sld_virtual_jtag=mega_file_sld_virtual_jtag.htm
alt2gxb_reconfig=mega_file_alt2gxb_reconfig.htm
altmemmult=mega_file_altmemmult.htm
altshift_taps=mega_file_altshift_taps.htm
altpll_reconfig=mega_file_altpll_reconfig.htm
alt4gxb=mega_file_alt4gxb.htm
altremote_update=mega_file_altremote_update.htm
altecc_decoder=mega_file_altecc_decoder.htm
altfp_add_sub=mega_file_altfp_add_sub.htm
ALTIOBUF=mega_file_altiobuf_wizard.htm
mult=mega_file_altfp_matrix_mult.htm
altddio_out=mega_file_altddio_output.htm
altasmi_parallel=mega_file_asmi_parallel.htm
lpm_mux=mega_file_lpm_mux_etc.htm
altmult_complex=mega_file_altmult_complex.htm
lpm_fifo_dc*=mega_file_lpm_fifo_dc.htm
altserial_flash_loader=mega_file_altserial_flash_loader.htm
altstratixii_oct=mega_file_altstratixii_oct.htm
altdpram*=mega_file_altdpram.htm
altcam=mega_file_altcam.htm
lpm_ram_io*=mega_file_lpm_ram_io.htm
altdll=mega_file_altdll.htm
lpm_abs=mega_file_lpm_abs.htm
altiobuf_out=mega_file_altiobuf_out.htm
alt2gxb=mega_file_alt2gxb.htm
lpm_divide=mega_file_lpm_divide.htm
altddio_bidir=mega_file_altddio_bidir.htm
altmult_add=mega_file_alt_mult_add.htm
altdq=mega_file_altdq.htm
altecc_encoder=mega_file_altecc_encoder.htm
lpm_fifo*=mega_file_lpm_fifo.htm
dcfifo_mixed_widths=mega_file_dcfifo_mixed_widths.htm
altcsmem=mega_file_altcsmem.htm
altufm_i2c=mega_file_altufm_i2c.htm
sld_signaltap=mega_file_sld_signaltap.htm
altufm_none=mega_file_altufm_none.htm
altpll=mega_file_altpll.htm
lpm_constant=mega_file_lpm_constant.htm
scfifo=mega_file_scfifo.htm
atldq_dqs=mega_file_altdq_dqs.htm
altsquare=mega_file_altsquare.htm
altmem_init=mega_file_altmem_init.htm
altlvds_tx=mega_file_altlvds_tx.htm
altfp_inv=mega_file_altfp_inv.htm
altufm_osc=mega_file_altufm_osc.htm
lpm_rom*=mega_file_lpm_rom.htm
alt3pram=mega_file_alt3pram.htm
divide*=mega_file_divide.htm
altfp_inv_sqrt=mega_file_altfp_inv_sqrt.htm
lpm_decode=mega_file_lpm_decode.htm
lpm_or=mega_file_lpm_or.htm
lpm_xor=mega_file_lpm_xor.htm
lpm_ram_dp*=mega_file_lpm_ram_dp.htm
altfp_convert=mega_file_altfp_convert.htm
altmult_accum=mega_file_altmult_accum.htm
lpm_ff=mega_file_lpm_ff.htm
lpm_mult=mega_file_lpm_mult.htm
altaccumulate=mega_file_altaccumulate.htm
lpm_shiftreg=mega_file_lpm_shiftreg.htm
altiobuf_in=mega_file_altiobuf_in.htm
csdpram=mega_file_csdpram.htm
altufm_parallel=mega_file_altufm_parallel.htm
lpm_add_sub=mega_file_lpm_add_sub.htm
lpm_ram_dq*=mega_file_lpm_ram_dq.htm
altgxb=mega_file_altgxb.htm
altiobuf_bidir=mega_file_altiobuf_bidir.htm
parallel_add=mega_file_parallel_add.htm
lpm_bustri=mega_file_lpm_bustri.htm
altclkctrl=mega_file_altclkbuf.htm
altfp_abs=mega_file_altfp_abs.htm
lpm_clshift=mega_file_lpm_clshift.htm
altdqs=mega_file_altdqs.htm
altfp_sqrt=mega_file_altfp_sqrt.htm
altqpram*=mega_file_altqpram.htm
altsqrt=mega_file_altsqrt.htm
altsource_probe=mega_file_altsource_probe.htm
altclklock=mega_file_altclklock.htm
altddio_in=mega_file_altddio_input.htm
lpm_latch=mega_file_lpm_latch.htm
lpm_counter=mega_file_lpm_counter.htm
lpm_compare=mega_file_lpm_compare.htm
altsyncram=mega_file_altsynch_ram.htm
altlvds_rx=mega_file_altlvds_rx.htm
altparallel_flash_loader=mega_file_parallel_flash_loader.htm
lpm_tff*=mega_file_lpm_tff.htm
lpm_inv=mega_file_lpm_inv.htm
