[Arithmetic]
ALTFP_CONVERT= "%t" "%q/common/ip/altera/common/lib/jrmegawizard_launcher.pl" --classpath:"%q/common/ip/altera/altfp_convert/lib/altfp_convert.jar" -wizard_name:ALTFP_CONVERT %f
<INFO>
<MWII_INFO SUPPORTED="ON"/>
<NAV SUPPORTED="ON"/>
<LAF SUPPORTED="ON"/>
<WIZARD_TITLE>ALTFP_CONVERT</WIZARD_TITLE>
<XML_CNX_ENABLED/>
<SUMMARY_PAGE CNX_INFO="ON"/>
<VISIBILITY FOR_CREATE="ON"/>
<LICENSE_CHECK VALUE="ON"/>
<DEVICE_FAMILY SUPPORT_CHECK="ON" SUPPORTED="ALL" AUTO_DEVICE_COMBOBOX="ON"/>
<TOOLTIP>Floating Point data format converter megafunction</TOOLTIP>
<VERILOG_FULLY_CONNECTED_NETLIST/>
<RESOURCE_INFO_ENABLED/>
<QIP_FILE_ENABLED/>
<HELP BUTTON="ON" MENU="ON">
<MENU>
	<MENU_ITEM TYPE="IUG">
		<LABEL>Altfp_convert Megafunction User Guide</LABEL>
		<TARGET>http://www.altera.com/literature/ug/ug_altfp_convert.pdf</TARGET>
	</MENU_ITEM>
</MENU>
</HELP>
</INFO>


[I/O]
ALTDLL= "%t" "%q/common/ip/altera/common/lib/jrmegawizard_launcher.pl" --classpath:"%q/common/ip/altera/altdll/lib/altdll.jar" -wizard_name:ALTDLL %f
<INFO>
<MWII_INFO SUPPORTED="ON"/>
<NAV SUPPORTED="ON"/>
<LAF SUPPORTED="ON"/>
<WIZARD_TITLE>ALTDLL</WIZARD_TITLE>
<XML_CNX_ENABLED/>
<SUMMARY_PAGE CNX_INFO="ON"/>
<VISIBILITY FOR_CREATE="ON"/>
<LICENSE_CHECK VALUE="ON"/>
<DEVICE_FAMILY SUPPORT_CHECK="ON" SUPPORTED="NONE|family_base_stratixiii" AUTO_DEVICE_COMBOBOX="ON"/>
<TOOLTIP>Dll_offset_ctrl blocks configuration megafunction</TOOLTIP>
<VERILOG_FULLY_CONNECTED_NETLIST/>
<RESOURCE_INFO_ENABLED/>
<QIP_FILE_ENABLED/>
<HELP BUTTON="ON" MENU="ON">
<MENU>
	<MENU_ITEM TYPE="IUG">
		<LABEL>Altdll Megafunction User Guide</LABEL>
		<TARGET>http://www.altera.com/literature/ug/ug_altdll_altdq_dqs.pdf</TARGET>
	</MENU_ITEM>
</MENU>
</HELP>
</INFO>


[Memory Compiler]
RAM initializer= "%t" "%q/common/ip/altera/common/lib/jrmegawizard_launcher.pl" --classpath:"%q/common/ip/altera/altmem_init/lib/altmem_init.jar" -wizard_name:ALTMEM_INIT %f
<INFO>
<MWII_INFO SUPPORTED="ON"/>
<NAV SUPPORTED="ON"/>
<LAF SUPPORTED="ON"/>
<MF>ALTMEM_INIT</MF>
<WIZARD_TITLE>RAM initializer</WIZARD_TITLE>
<XML_CNX_ENABLED/>
<SUMMARY_PAGE CNX_INFO="ON"/>
<VISIBILITY FOR_CREATE="ON"/>
<LICENSE_CHECK VALUE="ON"/>
<DEVICE_FAMILY SUPPORT_CHECK="ON" SUPPORTED="NONE|family_has_eab|family_has_stratix_style_ram" AUTO_DEVICE_COMBOBOX="ON"/>
<TOOLTIP>Internal/external ROM to RAM copy megafunction</TOOLTIP>
<VERILOG_FULLY_CONNECTED_NETLIST/>
<RESOURCE_INFO_ENABLED/>
<QIP_FILE_ENABLED/>
<HELP BUTTON="ON" MENU="ON">
<MENU>
	<MENU_ITEM TYPE="IUG">
		<LABEL>RAM initializer Megafunction User Guide</LABEL>
		<TARGET>http://www.altera.com/literature/ug/ug_altmem_init.pdf</TARGET>
	</MENU_ITEM>
</MENU>
</HELP>
</INFO>

[I/O]
ALTDQ_DQS= "%t" "%q/common/ip/altera/common/lib/jrmegawizard_launcher.pl" --classpath:"%q/common/ip/altera/altdq_dqs/lib/altdq_dqs.jar" -wizard_name:ALTDQ_DQS %f
<INFO>
<MWII_INFO SUPPORTED="ON"/>
<NAV SUPPORTED="ON"/>
<LAF SUPPORTED="ON"/>
<WIZARD_TITLE>ALTDQ_DQS</WIZARD_TITLE>
<XML_CNX_ENABLED/>
<SUMMARY_PAGE CNX_INFO="ON"/>
<VISIBILITY FOR_CREATE="ON"/>
<LICENSE_CHECK VALUE="ON"/>
<DEVICE_FAMILY SUPPORT_CHECK="ON" SUPPORTED="NONE|family_base_stratixiii" AUTO_DEVICE_COMBOBOX="ON"/>
<TOOLTIP>DQ-DQS configuration megafunction</TOOLTIP>
<VERILOG_FULLY_CONNECTED_NETLIST/>
<QIP_FILE_ENABLED/>
<HELP BUTTON="ON" MENU="ON">
<MENU>
	<MENU_ITEM TYPE="IUG">
		<LABEL>Altdq_dqs Megafunction User Guide</LABEL>
		<TARGET>http://www.altera.com/literature/ug/ug_altdll_altdq_dqs.pdf</TARGET>
	</MENU_ITEM>
</MENU>
</HELP>
</INFO>


[Arithmetic]
ALTFP_LOG = "%t" "%q/common/ip/altera/common/lib/jrmegawizard_launcher.pl" --classpath:"%q/common/ip/altera/altfp_log/lib/altfp_log.jar" -wizard_name:ALTFP_LOG %f
<INFO>
<MWII_INFO SUPPORTED="ON"/>
<NAV SUPPORTED="ON"/>
<LAF SUPPORTED="ON"/>
<WIZARD_TITLE>ALTFP_LOG</WIZARD_TITLE>
<XML_CNX_ENABLED/>
<SUMMARY_PAGE CNX_INFO="ON"/>
<VISIBILITY FOR_CREATE="ON"/>
<LICENSE_CHECK VALUE="ON"/>
<DEVICE_FAMILY SUPPORT_CHECK="ON" SUPPORTED="ALL" AUTO_DEVICE_COMBOBOX="ON"/>
<TOOLTIP>Floating point log megafunction</TOOLTIP>
<VERILOG_FULLY_CONNECTED_NETLIST/>
<RESOURCE_INFO_ENABLED/>
<QIP_FILE_ENABLED/>
<HELP BUTTON="ON" MENU="ON">
<MENU>
	<MENU_ITEM TYPE="IUG">
		<LABEL>Altfp_log Megafunction User Guide</LABEL>
		<TARGET>http://www.altera.com/literature/ug/ug_altfp_log.pdf</TARGET>
	</MENU_ITEM>
</MENU>
</HELP>
</INFO>


[Arithmetic]
ALTFP_INV = "%t" "%q/common/ip/altera/common/lib/jrmegawizard_launcher.pl" --classpath:"%q/common/ip/altera/altfp_inv/lib/altfp_inv.jar" -wizard_name:ALTFP_INV %f
<INFO>
<MWII_INFO SUPPORTED="ON"/>
<NAV SUPPORTED="ON"/>
<LAF SUPPORTED="ON"/>
<WIZARD_TITLE>ALTFP_INV</WIZARD_TITLE>
<XML_CNX_ENABLED/>
<SUMMARY_PAGE CNX_INFO="ON"/>
<VISIBILITY FOR_CREATE="ON"/>
<LICENSE_CHECK VALUE="ON"/>
<DEVICE_FAMILY SUPPORT_CHECK="ON" SUPPORTED="ALL" AUTO_DEVICE_COMBOBOX="ON"/>
<TOOLTIP>Floating point inverse megafunction</TOOLTIP>
<VERILOG_FULLY_CONNECTED_NETLIST/>
<RESOURCE_INFO_ENABLED/>
<QIP_FILE_ENABLED/>
<HELP BUTTON="ON" MENU="ON">
<MENU>
	<MENU_ITEM TYPE="IUG">
		<LABEL>Altfp_inv Megafunction User Guide</LABEL>
		<TARGET>http://www.altera.com/literature/ug/ug_altfp_inv.pdf</TARGET>
	</MENU_ITEM>
</MENU>
</HELP>
</INFO>


[Arithmetic]
ALTFP_INV_SQRT = "%t" "%q/common/ip/altera/common/lib/jrmegawizard_launcher.pl" --classpath:"%q/common/ip/altera/altfp_inv_sqrt/lib/altfp_inv_sqrt.jar" -wizard_name:ALTFP_INV_SQRT %f
<INFO>
<MWII_INFO SUPPORTED="ON"/>
<NAV SUPPORTED="ON"/>
<LAF SUPPORTED="ON"/>
<WIZARD_TITLE>ALTFP_INV_SQRT</WIZARD_TITLE>
<XML_CNX_ENABLED/>
<SUMMARY_PAGE CNX_INFO="ON"/>
<VISIBILITY FOR_CREATE="ON"/>
<LICENSE_CHECK VALUE="ON"/>
<DEVICE_FAMILY SUPPORT_CHECK="ON" SUPPORTED="ALL" AUTO_DEVICE_COMBOBOX="ON"/>
<TOOLTIP>Floating point inverse square root megafunction</TOOLTIP>
<VERILOG_FULLY_CONNECTED_NETLIST/>
<RESOURCE_INFO_ENABLED/>
<QIP_FILE_ENABLED/>
<HELP BUTTON="ON" MENU="ON">
<MENU>
	<MENU_ITEM TYPE="IUG">
		<LABEL>Altfp_inv_sqrt Megafunction User Guide</LABEL>
		<TARGET>http://www.altera.com/literature/ug/ug_altfp_inv_sqrt.pdf</TARGET>
	</MENU_ITEM>
</MENU>
</HELP>
</INFO>



[Arithmetic]
ALTFP_ABS = "%t" "%q/common/ip/altera/common/lib/jrmegawizard_launcher.pl" --classpath:"%q/common/ip/altera/altfp_abs/lib/altfp_abs.jar" -wizard_name:ALTFP_ABS %f
<INFO>
<MWII_INFO SUPPORTED="ON"/>
<NAV SUPPORTED="ON"/>
<LAF SUPPORTED="ON"/>
<WIZARD_TITLE>ALTFP_ABS</WIZARD_TITLE>
<XML_CNX_ENABLED/>
<SUMMARY_PAGE CNX_INFO="ON"/>
<VISIBILITY FOR_CREATE="ON"/>
<LICENSE_CHECK VALUE="ON"/>
<DEVICE_FAMILY SUPPORT_CHECK="ON" SUPPORTED="ALL" AUTO_DEVICE_COMBOBOX="ON"/>
<TOOLTIP>Floating point absolute value megafunction</TOOLTIP>
<VERILOG_FULLY_CONNECTED_NETLIST/>
<QIP_FILE_ENABLED/>
<HELP BUTTON="ON" MENU="ON">
<MENU>
	<MENU_ITEM TYPE="IUG">
		<LABEL>Altfp_abs Megafunction User Guide</LABEL>
		<TARGET>http://www.altera.com/literature/ug/ug_altfp_abs.pdf</TARGET>
	</MENU_ITEM>
</MENU>
</HELP>
</INFO>


[Arithmetic]
ALTFP_EXP = "%t" "%q/common/ip/altera/common/lib/jrmegawizard_launcher.pl" --classpath:"%q/common/ip/altera/altfp_exp/lib/altfp_exp.jar" -wizard_name:ALTFP_EXP %f
<INFO>
<MWII_INFO SUPPORTED="ON"/>
<NAV SUPPORTED="ON"/>
<LAF SUPPORTED="ON"/>
<WIZARD_TITLE>ALTFP_EXP</WIZARD_TITLE>
<XML_CNX_ENABLED/>
<SUMMARY_PAGE CNX_INFO="ON"/>
<VISIBILITY FOR_CREATE="ON"/>
<LICENSE_CHECK VALUE="ON"/>
<DEVICE_FAMILY SUPPORT_CHECK="ON" SUPPORTED="ALL" AUTO_DEVICE_COMBOBOX="ON"/>
<TOOLTIP>Floating point exponential megafunction</TOOLTIP>
<VERILOG_FULLY_CONNECTED_NETLIST/>
<RESOURCE_INFO_ENABLED/>
<QIP_FILE_ENABLED/>
<HELP BUTTON="ON" MENU="ON">
<MENU>
	<MENU_ITEM TYPE="IUG">
		<LABEL>Altfp_exp Megafunction User Guide</LABEL>
		<TARGET>http://www.altera.com/literature/ug/ug_altfp_exp.pdf</TARGET>
	</MENU_ITEM>
</MENU>
</HELP>
</INFO>


[Memory Compiler]
ALTOTP= "%t" "%q/common/ip/altera/common/lib/jrmegawizard_launcher.pl" --classpath:"%q/common/ip/altera/altotp/lib/altotp.jar" -wizard_name:ALTOTP %f
<INFO>
<MWII_INFO SUPPORTED="ON"/>
<NAV SUPPORTED="ON"/>
<LAF SUPPORTED="ON"/>
<MF>ALTOTP</MF>
<WIZARD_TITLE>ALTOTP</WIZARD_TITLE>
<XML_CNX_ENABLED/>
<SUMMARY_PAGE CNX_INFO="ON"/>
<VISIBILITY FOR_CREATE="OFF"/>
<LICENSE_CHECK VALUE="ON"/>
<DEVICE_FAMILY SUPPORT_CHECK="ON" SUPPORTED="NONE|family_HARDCOPYIII" AUTO_DEVICE_COMBOBOX="ON"/>
<TOOLTIP>Internal/external ROM to RAM copy megafunction</TOOLTIP>
<VERILOG_FULLY_CONNECTED_NETLIST/>
<RESOURCE_INFO_ENABLED/>
<QIP_FILE_ENABLED/>
<HELP BUTTON="ON" MENU="ON">
<MENU>
	<MENU_ITEM TYPE="IUG">
		<LABEL>Altotp Megafunction User Guide</LABEL>
		<TARGET>http://www.altera.com/literature/ug/ug_altotp.pdf</TARGET>
	</MENU_ITEM>
</MENU>
</HELP>
</INFO>


[Arithmetic]
ALTFP_MATRIX_MULT= "%t" "%q/common/ip/altera/common/lib/jrmegawizard_launcher.pl" --classpath:"%q/common/ip/altera/altfp_matrix_mult/lib/altfp_matrix_mult.jar" -wizard_name:ALTFP_MATRIX_MULT %f
<INFO>
<MWII_INFO SUPPORTED="ON"/>
<NAV SUPPORTED="ON"/>
<LAF SUPPORTED="ON"/>
<WIZARD_TITLE>ALTFP_MATRIX_MULT</WIZARD_TITLE>
<XML_CNX_ENABLED/>
<SUMMARY_PAGE CNX_INFO="ON"/>
<VISIBILITY FOR_CREATE="ON"/>
<LICENSE_CHECK VALUE="ON"/>
<DEVICE_FAMILY SUPPORT_CHECK="ON" SUPPORTED="NONE|family_base_stratixii|family_base_stratixiii" AUTO_DEVICE_COMBOBOX="ON"/>
<TOOLTIP>Floating point matrix multiplier megafunction</TOOLTIP>
<VERILOG_FULLY_CONNECTED_NETLIST/>
<QIP_FILE_ENABLED/>
<LANGUAGES AHDL="OFF" VERILOG="OFF" />
<HELP BUTTON="ON" MENU="ON">
<MENU>
	<MENU_ITEM TYPE="IUG">
		<LABEL>Altfp_matrix_mult Megafunction User Guide</LABEL>
		<TARGET>http://www.altera.com/literature/ug/ug_altfp_mfug.pdf</TARGET>
	</MENU_ITEM>
</MENU>
</HELP>
</INFO>
