[JTAG-accessible Extensions]
SignalTap II Logic Analyzer = mega_sld_signaltap %f
<INFO>
<NAV SUPPORTED="ON"/>
<LAF SUPPORTED="ON"/>
<MWII_INFO SUPPORTED="ON"/>
<SYNTH_NETLIST_GEN SUPPORTED="OFF"/>
<SIMLIB_GEN SUPPORTED="STD_NO_SIMLIB_MSG"/>
<WIZARD_TITLE>SignalTap II Logic Analyzer</WIZARD_TITLE>
<DEVICE_FAMILY SUPPORT_CHECK="ON" SUPPORTED="NONE|family_has_signaltap_support" AUTO_DEVICE_COMBOBOX="ON"/>
<TOOLTIP>SignalTap II Logic Analyzer megafunction</TOOLTIP>
<SUMMARY_PAGE CNX_INFO="ON"/>
<QIP_FILE_ENABLED/>
<HELP BUTTON="ON" MENU="ON">
<MENU>
	<MENU_ITEM TYPE="IUG">
		<LABEL>Design Debugging Using the SignalTap II Embedded Logic Analyzer</LABEL>
		<TARGET>http://www.altera.com/literature/hb/qts/qts_qii53009.pdf</TARGET>
	</MENU_ITEM>
</MENU>
</HELP>
</INFO>

In-System Sources and Probes = mega_altsource_probe %f
<INFO>
<NAV SUPPORTED="ON"/>
<LAF SUPPORTED="ON"/>
<MWII_INFO SUPPORTED="ON"/>
<WIZARD_TITLE>In-System Sources and Probes</WIZARD_TITLE>
<SYNTH_NETLIST_GEN SUPPORTED="OFF"/>
<SIMLIB_GEN SUPPORTED="STD_NO_SIMLIB_MSG"/>
<DEVICE_FAMILY SUPPORT_CHECK="ON" SUPPORTED="NONE|family_has_jtag_accessible_extensions" AUTO_DEVICE_COMBOBOX="ON"/>
<TOOLTIP>In-System Sources and Probes megafunction</TOOLTIP>
<SUMMARY_PAGE CNX_INFO="ON"/>
<QIP_FILE_ENABLED/>
<HELP BUTTON="ON" MENU="ON">
<MENU>
	<MENU_ITEM TYPE="IUG">
		<LABEL>In-System Sources and Probes Megafunction User Guide</LABEL>
		<TARGET>http://www/literature/hb/qts/qts_qii53021.pdf</TARGET>
	</MENU_ITEM>

</MENU>
</HELP>
<MF>ALTSOURCE_PROBE</MF>
</INFO>

Parallel Flash Loader = mega_altparallel_flash_loader %f
<INFO>
<NAV SUPPORTED="ON"/>
<LAF SUPPORTED="ON"/>
<MWII_INFO SUPPORTED="ON"/>
<SIMLIB_GEN SUPPORTED="STD_NO_SIMLIB_MSG"/>
<WIZARD_TITLE>Parallel Flash Loader</WIZARD_TITLE>
<SYNTH_NETLIST_GEN SUPPORTED="OFF"/>
<DEVICE_FAMILY SUPPORT_CHECK="ON" SUPPORTED="NONE|family_has_jtag_accessible_extensions" AUTO_DEVICE_COMBOBOX="ON"/>
<TOOLTIP>Parallel Flash Loader megafunction</TOOLTIP>
<SUMMARY_PAGE CNX_INFO="ON"/>
<QIP_FILE_ENABLED/>
<MF>ALTPARALLEL_FLASH_LOADER</MF>
<HELP BUTTON="ON" MENU="ON">
<MENU>
	<MENU_ITEM TYPE="IUG">
		<LABEL>Using the Parallel Flash Loader With the Quartus II Software</LABEL>
		<TARGET>http://www.altera.com/literature/an/an386.pdf</TARGET>
	</MENU_ITEM>
</MENU>
</HELP>
</INFO>

Serial Flash Loader = mega_altserial_flash_loader %f
<INFO>
<NAV SUPPORTED="ON"/>
<LAF SUPPORTED="ON"/>
<MWII_INFO SUPPORTED="ON"/>
<SYNTH_NETLIST_GEN SUPPORTED="OFF"/>
<SIMLIB_GEN SUPPORTED="STD_NO_SIMLIB_MSG"/>
<WIZARD_TITLE>Serial Flash Loader</WIZARD_TITLE>
<DEVICE_FAMILY SUPPORT_CHECK="ON" SUPPORTED="NONE|family_has_asmi" AUTO_DEVICE_COMBOBOX="ON"/>
<TOOLTIP>Serial Flash Loader megafunction</TOOLTIP>
<SUMMARY_PAGE CNX_INFO="ON"/>
<QIP_FILE_ENABLED/>
<MF>ALTSERIAL_FLASH_LOADER</MF>
<HELP BUTTON="ON" MENU="ON">
<MENU>
	<MENU_ITEM TYPE="IUG">
		<LABEL>Using the Serial Flash Loader With the Quartus II Software</LABEL>
		<TARGET>http://www.altera.com/literature/an/an370.pdf</TARGET>
	</MENU_ITEM>
</MENU>
</HELP>
</INFO>

Virtual JTAG = mega_altsld_virtual_jtag %f
<INFO>
<NAV SUPPORTED="ON"/>
<LAF SUPPORTED="ON"/>
<MWII_INFO SUPPORTED="ON"/>
<WIZARD_TITLE>Virtual JTAG</WIZARD_TITLE>
<SYNTH_NETLIST_GEN SUPPORTED="OFF"/>
<DEVICE_FAMILY SUPPORT_CHECK="ON" SUPPORTED="NONE|family_has_jtag_accessible_extensions" AUTO_DEVICE_COMBOBOX="ON"/>
<TOOLTIP>Virtual JTAG megafunction</TOOLTIP>
<SUMMARY_PAGE CNX_INFO="ON"/>
<QIP_FILE_ENABLED/>
<HELP BUTTON="ON" MENU="ON">
<MENU>
	<MENU_ITEM TYPE="IUG">
		<LABEL>Virtual JTAG Megafunction User Guide</LABEL>
		<TARGET>http://www.altera.com/literature/ug/ug_virtualjtag.pdf</TARGET>
	</MENU_ITEM>

</MENU>
</HELP>
<MF>SLD_VIRTUAL_JTAG</MF>
</INFO>

