[Gates]
LPM_MUX=mega_lpm_mux %f
<INFO>
<MWII_INFO SUPPORTED="ON"/>
<NAV SUPPORTED="ON"/>
<LAF SUPPORTED="ON"/>
<WIZARD_TITLE>LPM_MUX</WIZARD_TITLE>
<TOOLTIP>Multiplexer megafunction</TOOLTIP>
<SUMMARY_PAGE CNX_INFO="ON"/>
<DEVICE_FAMILY AUTO_DEVICE_COMBOBOX="ON"/>
<VHDL_NO_COMPONENT_DECLARATION/>
<RESOURCE_INFO_ENABLED/>
<QIP_FILE_ENABLED/>
<HELP BUTTON="ON"/>
</INFO>

LPM_DECODE=mega_lpm_arithm -tLPM_DECODE %f
<INFO>
<MWII_INFO SUPPORTED="ON"/>
<NAV SUPPORTED="ON"/>
<LAF SUPPORTED="ON"/>
<WIZARD_TITLE>LPM_DECODE</WIZARD_TITLE>
<TOOLTIP>Decoder megafunction</TOOLTIP>
<RESOURCE_INFO_ENABLED/>
<QIP_FILE_ENABLED/>
<SUMMARY_PAGE CNX_INFO="ON"/>
<DEVICE_FAMILY AUTO_DEVICE_COMBOBOX="ON"/>
<HELP BUTTON="ON"/>
</INFO>

LPM_AND=mega_lpm_arithm -tLPM_AND %f
<INFO>
<MWII_INFO SUPPORTED="ON"/>
<NAV SUPPORTED="ON"/>
<LAF SUPPORTED="ON"/>
<WIZARD_TITLE>LPM_AND</WIZARD_TITLE>
<TOOLTIP>AND gate megafunction</TOOLTIP>
<SUMMARY_PAGE CNX_INFO="ON"/>
<QIP_FILE_ENABLED/>
<DEVICE_FAMILY AUTO_DEVICE_COMBOBOX="ON"/>
<VHDL_NO_COMPONENT_DECLARATION/>
<HELP BUTTON="ON"/>
</INFO>

LPM_OR=mega_lpm_arithm -tLPM_OR %f
<INFO>
<MWII_INFO SUPPORTED="ON"/>
<NAV SUPPORTED="ON"/>
<LAF SUPPORTED="ON"/>
<WIZARD_TITLE>LPM_OR</WIZARD_TITLE>
<TOOLTIP>OR gate megafunction</TOOLTIP>
<SUMMARY_PAGE CNX_INFO="ON"/>
<QIP_FILE_ENABLED/>
<DEVICE_FAMILY AUTO_DEVICE_COMBOBOX="ON"/>
<VHDL_NO_COMPONENT_DECLARATION/>
<HELP BUTTON="ON"/>
</INFO>

LPM_XOR=mega_lpm_arithm -tLPM_XOR %f
<INFO>
<MWII_INFO SUPPORTED="ON"/>
<NAV SUPPORTED="ON"/>
<LAF SUPPORTED="ON"/>
<WIZARD_TITLE>LPM_XOR</WIZARD_TITLE>
<TOOLTIP>XOR gate megafunction</TOOLTIP>
<SUMMARY_PAGE CNX_INFO="ON"/>
<QIP_FILE_ENABLED/>
<DEVICE_FAMILY AUTO_DEVICE_COMBOBOX="ON"/>
<VHDL_NO_COMPONENT_DECLARATION/>
<HELP BUTTON="ON"/>
</INFO>

LPM_CONSTANT=mega_lpm_arithm -tLPM_CONSTANT %f
<INFO>
<MWII_INFO SUPPORTED="ON"/>
<NAV SUPPORTED="ON"/>
<LAF SUPPORTED="ON"/>
<WIZARD_TITLE>LPM_CONSTANT</WIZARD_TITLE>
<TOOLTIP>Constant generator megafunction</TOOLTIP>
<SUMMARY_PAGE CNX_INFO="ON"/>
<QIP_FILE_ENABLED/>
<DEVICE_FAMILY AUTO_DEVICE_COMBOBOX="ON"/>
<HELP BUTTON="ON"/>
</INFO>

LPM_INV=mega_lpm_arithm -tLPM_INV %f
<INFO>
<MWII_INFO SUPPORTED="ON"/>
<NAV SUPPORTED="ON"/>
<LAF SUPPORTED="ON"/>
<WIZARD_TITLE>LPM_INV</WIZARD_TITLE>
<TOOLTIP>Inverter megafunction</TOOLTIP>
<SUMMARY_PAGE CNX_INFO="ON"/>
<QIP_FILE_ENABLED/>
<DEVICE_FAMILY AUTO_DEVICE_COMBOBOX="ON"/>
<HELP BUTTON="ON"/>
</INFO>

LPM_BUSTRI=mega_lpm_arithm -tLPM_BUSTRI %f
<INFO>
<MWII_INFO SUPPORTED="ON"/>
<NAV SUPPORTED="ON"/>
<LAF SUPPORTED="ON"/>
<WIZARD_TITLE>LPM_BUSTRI</WIZARD_TITLE>
<TOOLTIP>Tri-state buffer megafunction</TOOLTIP>
<SUMMARY_PAGE CNX_INFO="ON"/>
<QIP_FILE_ENABLED/>
<DEVICE_FAMILY AUTO_DEVICE_COMBOBOX="ON"/>
<HELP BUTTON="ON"/>
</INFO>

LPM_CLSHIFT=mega_lpm_clshift %f
<INFO>
<MWII_INFO SUPPORTED="ON"/>
<NAV SUPPORTED="ON"/>
<LAF SUPPORTED="ON"/>
<WIZARD_TITLE>LPM_CLSHIFT</WIZARD_TITLE>
<TOOLTIP>Combinatorial logic shifter or barrel shifter megafunction</TOOLTIP>
<SUMMARY_PAGE CNX_INFO="ON"/>
<QIP_FILE_ENABLED/>
<DEVICE_FAMILY AUTO_DEVICE_COMBOBOX="ON"/>
<HELP BUTTON="ON"/>
</INFO>

[Arithmetic]
LPM_ADD_SUB=mega_lpm_arithm -tLPM_ADD_SUB %f
<INFO>
<DEVICE_FAMILY AUTO_DEVICE_COMBOBOX="ON"/>
<TOOLTIP>Adder/subtractor megafunction</TOOLTIP>
<SUMMARY_PAGE CNX_INFO="ON"/>
<QIP_FILE_ENABLED/>
<MWII_INFO SUPPORTED="ON"/>
<NAV SUPPORTED="ON"/>
<LAF SUPPORTED="ON"/>
<WIZARD_TITLE>LPM_ADD_SUB</WIZARD_TITLE>
<RESOURCE_INFO_ENABLED/>
<HELP BUTTON="ON" MENU="ON">
<MENU>
	<MENU_ITEM TYPE="IUG">
		<LABEL>lpm_add_sub Megafunction User Guide</LABEL>
		<TARGET>http://www.altera.com/literature/ug/ug_lpm_add_sub.pdf</TARGET>
	</MENU_ITEM>
</MENU>
</HELP>
</INFO>

LPM_ABS=mega_lpm_arithm -tLPM_ABS %f
<INFO>
<MWII_INFO SUPPORTED="ON"/>
<NAV SUPPORTED="ON"/>
<LAF SUPPORTED="ON"/>
<WIZARD_TITLE>LPM_ABS</WIZARD_TITLE>
<TOOLTIP>Absolute value megafunction</TOOLTIP>
<VERILOG_FULLY_CONNECTED_NETLIST/>
<SUMMARY_PAGE CNX_INFO="ON"/>
<QIP_FILE_ENABLED/>
<DEVICE_FAMILY AUTO_DEVICE_COMBOBOX="ON"/>
<RESOURCE_INFO_ENABLED/>
<HELP BUTTON="ON"MENU="ON" >
<MENU>
	<MENU_ITEM TYPE="IUG">
		<LABEL>lpm_abs Megafunction User Guide</LABEL>
		<TARGET>http://www.altera.com/literature/ug/ug_lpm_abs.pdf</TARGET>
	</MENU_ITEM>
</MENU>
</HELP>
</INFO>

LPM_COMPARE=mega_lpm_arithm -tLPM_COMPARE %f
<INFO>
<MWII_INFO SUPPORTED="ON"/>
<NAV SUPPORTED="ON"/>
<LAF SUPPORTED="ON"/>
<WIZARD_TITLE>LPM_COMPARE</WIZARD_TITLE>
<TOOLTIP>Comparator megafunction</TOOLTIP>
<VERILOG_FULLY_CONNECTED_NETLIST/>
<SUMMARY_PAGE CNX_INFO="ON"/>
<QIP_FILE_ENABLED/>
<DEVICE_FAMILY AUTO_DEVICE_COMBOBOX="ON"/>
<RESOURCE_INFO_ENABLED/>
<HELP BUTTON="ON" MENU="ON">
<MENU>
	<MENU_ITEM TYPE="IUG">
		<LABEL>lpm_compare Megafunction User Guide</LABEL>
		<TARGET>http://www.altera.com/literature/ug/ug_IP_lpm_compare.pdf</TARGET>
	</MENU_ITEM>
</MENU>
</HELP>
</INFO>

LPM_COUNTER=mega_lpm_counter -tLPM_COUNTER %f
<INFO>
<MWII_INFO SUPPORTED="ON"/>
<NAV SUPPORTED="ON"/>
<LAF SUPPORTED="ON"/>
<WIZARD_TITLE>LPM_COUNTER</WIZARD_TITLE>
<TOOLTIP>Counter megafunction</TOOLTIP>
<VERILOG_FULLY_CONNECTED_NETLIST/>
<SUMMARY_PAGE CNX_INFO="ON"/>
<QIP_FILE_ENABLED/>
<DEVICE_FAMILY AUTO_DEVICE_COMBOBOX="ON"/>
<RESOURCE_INFO_ENABLED/>
<HELP BUTTON="ON" MENU="ON">
<MENU>
	<MENU_ITEM TYPE="IUG">
		<LABEL>lpm_counter Megafunction User Guide</LABEL>
		<TARGET>http://www.altera.com/literature/ug/ug_lpm_counter_mf.pdf</TARGET>
	</MENU_ITEM>
</MENU>
</HELP>
</INFO>

LPM_MULT=mega_lpm_arithm -tLPM_MULT %f
<INFO>
<MWII_INFO SUPPORTED="ON"/>
<NAV SUPPORTED="ON"/>
<LAF SUPPORTED="ON"/>
<WIZARD_TITLE>LPM_MULT</WIZARD_TITLE>
<TOOLTIP>Multiplier megafunction</TOOLTIP>
<VERILOG_FULLY_CONNECTED_NETLIST/>
<SUMMARY_PAGE CNX_INFO="ON"/>
<QIP_FILE_ENABLED/>
<DEVICE_FAMILY AUTO_DEVICE_COMBOBOX="ON"/>
<RESOURCE_INFO_ENABLED/>
<HELP BUTTON="ON" MENU="ON">
<MENU>
	<MENU_ITEM TYPE="IUG">
		<LABEL>Implementing multipliers in FPGA Devices</LABEL>
		<TARGET>http://www.altera.com/literature/an/an306.pdf</TARGET>
	</MENU_ITEM>
	<MENU_ITEM TYPE="IUG_ALIAS">
		<LABEL>LPM_MULT_USER_GUIDE_WEBLINK</LABEL>
		<TARGET>http://www.altera.com/literature/ug/ug_lpm_mult_mf.pdf</TARGET>
	</MENU_ITEM>
	<MENU_ITEM TYPE="ALIAS">
		<LABEL>LPM_MULT_USER_GUIDE_LABEL</LABEL>
		<TARGET>lpm_mult Megafunction User Guide</TARGET>
	</MENU_ITEM>
</MENU>
</HELP>
</INFO>

LPM_DIVIDE=mega_divide %f
<INFO>
<MWII_INFO SUPPORTED="ON"/>
<NAV SUPPORTED="ON"/>
<LAF SUPPORTED="ON"/>
<WIZARD_TITLE>LPM_DIVIDE</WIZARD_TITLE>
<TOOLTIP>Divider megafunction</TOOLTIP>
<SUMMARY_PAGE CNX_INFO="ON"/>
<QIP_FILE_ENABLED/>
<DEVICE_FAMILY AUTO_DEVICE_COMBOBOX="ON"/>
<VERILOG_FULLY_CONNECTED_NETLIST/>
<RESOURCE_INFO_ENABLED/>
<MF>DIVIDE</MF>
<HELP BUTTON="ON" MENU="ON" >
<MENU>
	<MENU_ITEM TYPE="IUG">
		<LABEL>lpm_divide Megafunction User Guide</LABEL>
		<TARGET>http://www.altera.com/literature/ug/ug_lpm_divide_mf.pdf</TARGET>
	</MENU_ITEM>
</MENU>
</HELP>
</INFO>

ALTSQRT=mega_altsqrt %f
<INFO>
<MWII_INFO SUPPORTED="ON"/>
<NAV SUPPORTED="ON"/>
<LAF SUPPORTED="ON"/>
<WIZARD_TITLE>ALTSQRT</WIZARD_TITLE>
<TOOLTIP>Integer square root megafunction</TOOLTIP>
<RESOURCE_INFO_ENABLED/>
<SUMMARY_PAGE CNX_INFO="ON"/>
<QIP_FILE_ENABLED/>
<DEVICE_FAMILY AUTO_DEVICE_COMBOBOX="ON"/>
<HELP BUTTON="ON" MENU="ON">
<MENU>
	<MENU_ITEM TYPE="IUG">
		<LABEL>altsqrt Megafunction User Guide</LABEL>
		<TARGET>http://www.altera.com/literature/ug/ug_altsqrt_mf.pdf</TARGET>
	</MENU_ITEM>
</MENU>
</HELP>
</INFO>

ALTMULT_COMPLEX=mega_altmult_add -tALTMULT_COMPLEX %f
<INFO>
<MWII_INFO SUPPORTED="ON"/>
<NAV SUPPORTED="ON"/>
<LAF SUPPORTED="ON"/>
<WIZARD_TITLE>ALTMULT_COMPLEX</WIZARD_TITLE>
<MF>ALTMULT_COMPLEX</MF>
<DEVICE_FAMILY SUPPORT_CHECK="ON" SUPPORTED="NONE|family_base_stratix|family_base_stratixii|family_base_stratixiii|family_base_cycloneii|family_base_cycloneiii" AUTO_DEVICE_COMBOBOX="ON"/>
<TOOLTIP>Complex multiplier megafunction</TOOLTIP>
<SUMMARY_PAGE CNX_INFO="ON"/>
<QIP_FILE_ENABLED/>
<VERILOG_FULLY_CONNECTED_NETLIST/>
<RESOURCE_INFO_ENABLED/>
<HELP BUTTON="ON" MENU="ON">
<MENU>
	<MENU_ITEM TYPE="IUG">
		<LABEL>Altmult_complex Megafunction User Guide</LABEL>
		<TARGET>http://www.altera.com/literature/ug/ug_altmult_complex.pdf</TARGET>
	</MENU_ITEM>
</MENU>
</HELP>
</INFO>

ALTMULT_ACCUM (MAC)=mega_altmult_add -tALTMULT_ACCUM %f
<INFO>
<MWII_INFO SUPPORTED="ON"/>
<NAV SUPPORTED="ON"/>
<LAF SUPPORTED="ON"/>
<WIZARD_TITLE>ALTMULT_ACCUM</WIZARD_TITLE>
<ALIAS>ALTMULT_ACCUM</ALIAS><ALIAS>Multiply-Accumulate (MAC)</ALIAS>
<MF>ALTMULT_ACCUM</MF>
<DEVICE_FAMILY SUPPORT_CHECK="ON" SUPPORTED="-family_max|-family_flex6000" AUTO_DEVICE_COMBOBOX="ON"/>
<TOOLTIP>Multiply-accumulate megafunction</TOOLTIP>
<SUMMARY_PAGE CNX_INFO="ON"/>
<QIP_FILE_ENABLED/>
<VERILOG_FULLY_CONNECTED_NETLIST/>
<RESOURCE_INFO_ENABLED/>
<HELP BUTTON="ON" MENU="ON">
<MENU>
	<MENU_ITEM TYPE="IUG">
		<LABEL>Introduction to Stratix(GX) DSP Blocks</LABEL>
		<TARGET>http://www.altera.com/literature/hb/stx/ch_6_vol_2.pdf</TARGET>
	</MENU_ITEM>
	<MENU_ITEM TYPE="IUG">
		<LABEL>Implementing High-Speed DSP Functions</LABEL>
		<TARGET>http://www.altera.com/literature/hb/stx/ch_7_vol_2.pdf</TARGET>
	</MENU_ITEM>
	<MENU_ITEM TYPE="IUG">
		<LABEL>Introduction to Stratix II DSP Blocks</LABEL>
		<TARGET>http://www.altera.com/literature/hb/stx2/stx2_sii52006.pdf</TARGET>
	</MENU_ITEM>
	<MENU_ITEM TYPE="IUG">
		<LABEL>DSP Blocks in Stratix III Devices</LABEL>
		<TARGET>http://www.altera.com/literature/hb/stx3/stx3_siii51005.pdf	</TARGET>
	</MENU_ITEM>	
	<MENU_ITEM TYPE="IUG">
		<LABEL>Embedded Multipliers in Cyclone II</LABEL>
		<TARGET>http://www.altera.com/literature/hb/cyc2/cyc2_cii51012.pdf</TARGET>
	</MENU_ITEM>
</MENU>
</HELP>
</INFO>

ALTMULT_ADD=mega_altmult_add %f
<INFO>
<MWII_INFO SUPPORTED="ON"/>
<NAV SUPPORTED="ON"/>
<LAF SUPPORTED="ON"/>
<WIZARD_TITLE>ALTMULT_ADD</WIZARD_TITLE>
<DEVICE_FAMILY SUPPORT_CHECK="ON" SUPPORTED="-family_max|-family_flex6000" AUTO_DEVICE_COMBOBOX="ON"/>
<TOOLTIP>Multiply-add megafunction</TOOLTIP>
<SUMMARY_PAGE CNX_INFO="ON"/>
<QIP_FILE_ENABLED/>
<VERILOG_FULLY_CONNECTED_NETLIST/>
<RESOURCE_INFO_ENABLED/>
<HELP BUTTON="ON" MENU="ON">
<MENU>
	<MENU_ITEM TYPE="IUG">
		<LABEL>altmult_add Megafunction User Guide</LABEL>
		<TARGET>http://www.altera.com/literature/ug/ug_altmult_add.pdf</TARGET>
	</MENU_ITEM>
	<MENU_ITEM TYPE="IUG">
		<LABEL>Introduction to Stratix(GX) DSP Blocks</LABEL>
		<TARGET>http://www.altera.com/literature/hb/stx/ch_6_vol_2.pdf</TARGET>
	</MENU_ITEM>
	<MENU_ITEM TYPE="IUG">
		<LABEL>Implementing High-Speed DSP Functions</LABEL>
		<TARGET>http://www.altera.com/literature/hb/stx/ch_7_vol_2.pdf</TARGET>
	</MENU_ITEM>
	<MENU_ITEM TYPE="IUG">
		<LABEL>Introduction to Stratix II DSP Blocks</LABEL>
		<TARGET>http://www.altera.com/literature/hb/stx2/stx2_sii52006.pdf</TARGET>
	</MENU_ITEM>
	<MENU_ITEM TYPE="IUG">
		<LABEL>DSP Blocks in Stratix III Devices</LABEL>
		<TARGET>http://www.altera.com/literature/hb/stx3/stx3_siii51005.pdf	</TARGET>
	</MENU_ITEM>	
	<MENU_ITEM TYPE="IUG">
		<LABEL>Embedded Multipliers in Cyclone II</LABEL>
		<TARGET>http://www.altera.com/literature/hb/cyc2/cyc2_cii51012.pdf</TARGET>
	</MENU_ITEM>

</MENU>
</HELP>
</INFO>

ALTACCUMULATE=mega_altaccumulate %f
<INFO>
<MWII_INFO SUPPORTED="ON"/>
<NAV SUPPORTED="ON"/>
<LAF SUPPORTED="ON"/>
<WIZARD_TITLE>ALTACCUMULATE</WIZARD_TITLE>
<TOOLTIP>Accumulator megafunction</TOOLTIP>
<SUMMARY_PAGE CNX_INFO="ON"/>
<QIP_FILE_ENABLED/>
<DEVICE_FAMILY AUTO_DEVICE_COMBOBOX="ON"/>
<RESOURCE_INFO_ENABLED/>
<HELP BUTTON="ON" MENU="ON">
<MENU>
	<MENU_ITEM TYPE="IUG">
		<LABEL>altaccumulate Megafunction User Guide</LABEL>
		<TARGET>http://www.altera.com/literature/ug/ug_altaccum.pdf</TARGET>
	</MENU_ITEM>
</MENU>
</HELP>
</INFO>

ALTFP_MULT=mega_altfp_mult -tALTFP_MULT %f
<INFO>
<MWII_INFO SUPPORTED="ON"/>
<NAV SUPPORTED="ON"/>
<LAF SUPPORTED="ON"/>
<WIZARD_TITLE>ALTFP_MULT</WIZARD_TITLE>
<TOOLTIP>Floating point multiplier megafunction</TOOLTIP>
<DEVICE_FAMILY SUPPORT_CHECK="ON" SUPPORTED="-family_max|-family_flex6000|-family_flex8000|-family_flex10k|-family_flex10ke" AUTO_DEVICE_COMBOBOX="ON"/>
<VERILOG_FULLY_CONNECTED_NETLIST/>
<RESOURCE_INFO_ENABLED/>
<SUMMARY_PAGE CNX_INFO="ON"/>
<QIP_FILE_ENABLED/>
<HELP BUTTON="ON" MENU="ON">
<MENU>
	<MENU_ITEM TYPE="IUG">
		<LABEL>altfp_mult Megafunction User Guide</LABEL>
		<TARGET>http://www.altera.com/literature/ug/ug_altfp_mult.pdf</TARGET>
	</MENU_ITEM>
</MENU>
</HELP>
</INFO>

ALTFP_DIV=mega_altfp_div -tALTFP_DIV %f
<INFO>
<MWII_INFO SUPPORTED="ON"/>
<NAV SUPPORTED="ON"/>
<LAF SUPPORTED="ON"/>
<WIZARD_TITLE>ALTFP_DIV</WIZARD_TITLE>
<TOOLTIP>Floating point divide megafunction</TOOLTIP>
<DEVICE_FAMILY SUPPORT_CHECK="ON" SUPPORTED="-family_max|-family_flex6000|-family_flex8000|-family_flex10k|-family_flex10ke" AUTO_DEVICE_COMBOBOX="ON"/>
<QIP_FILE_ENABLED/>
<SUMMARY_PAGE CNX_INFO="ON"/>
<RESOURCE_INFO_ENABLED/>
<HELP BUTTON="ON" MENU="ON">
<MENU>
	<MENU_ITEM TYPE="IUG">
		<LABEL>altfp_div Megafunction User Guide</LABEL>
		<TARGET>http://www.altera.com/literature/ug/ug_altfp_div.pdf</TARGET>
	</MENU_ITEM>
</MENU>
</HELP>
</INFO>

ALTFP_COMPARE=mega_altfp_compare -tALTFP_COMPARE %f
<INFO>
<MWII_INFO SUPPORTED="ON"/>
<NAV SUPPORTED="ON"/>
<LAF SUPPORTED="ON"/>
<WIZARD_TITLE>ALTFP_COMPARE</WIZARD_TITLE>
<TOOLTIP>Floating point comparator megafunction</TOOLTIP>
<DEVICE_FAMILY AUTO_DEVICE_COMBOBOX="ON"/>
<SUMMARY_PAGE CNX_INFO="ON"/>
<QIP_FILE_ENABLED/>
<RESOURCE_INFO_ENABLED/>
<HELP BUTTON="ON" MENU="ON">
<MENU>
	<MENU_ITEM TYPE="IUG">
		<LABEL>altfp_compare Megafunction User Guide</LABEL>
		<TARGET>http://www.altera.com/literature/ug/ug_altfp_compare.pdf</TARGET>
	</MENU_ITEM>
</MENU>
</HELP>
</INFO>

ALTFP_SQRT=mega_altfp_sqrt -tALTFP_SQRT %f
<INFO>
<MWII_INFO SUPPORTED="ON"/>
<NAV SUPPORTED="ON"/>
<LAF SUPPORTED="ON"/>
<WIZARD_TITLE>ALTFP_SQRT</WIZARD_TITLE>
<TOOLTIP>Floating point square root megafunction</TOOLTIP>
<DEVICE_FAMILY AUTO_DEVICE_COMBOBOX="ON"/>
<SUMMARY_PAGE CNX_INFO="ON"/>
<QIP_FILE_ENABLED/>
<RESOURCE_INFO_ENABLED/>
<HELP BUTTON="ON" MENU="ON">
<MENU>
	<MENU_ITEM TYPE="IUG">
		<LABEL>altfp_sqrt Megafunction User Guide</LABEL>
		<TARGET>http://www.altera.com/literature/ug/ug_altfp_sqrt_mf.pdf</TARGET>
	</MENU_ITEM>
</MENU>
</HELP>
</INFO>

ALTMEMMULT=mega_altmemmult %f
<INFO>
<MWII_INFO SUPPORTED="ON"/>
<NAV SUPPORTED="ON"/>
<LAF SUPPORTED="ON"/>
<WIZARD_TITLE>ALTMEMMULT</WIZARD_TITLE>
<DEVICE_FAMILY SUPPORT_CHECK="ON" SUPPORTED="NONE|family_has_stratix_style_ram" AUTO_DEVICE_COMBOBOX="ON"/>
<TOOLTIP>Memory-based constant coefficient multiplier megafunction</TOOLTIP>
<SUMMARY_PAGE CNX_INFO="ON"/>
<QIP_FILE_ENABLED/>
<RESOURCE_INFO_ENABLED/>
<HELP BUTTON="ON" MENU="ON">
<MENU>
	<MENU_ITEM TYPE="IUG">
		<LABEL>Implementing Multipliers in FPGA Devices</LABEL>
		<TARGET>http://www.altera.com/literature/an/an306.pdf</TARGET>
	</MENU_ITEM>
	<MENU_ITEM TYPE="IUG">
		<LABEL>altmemmult Megafunction User Guide</LABEL>
		<TARGET>http://www.altera.com/literature/ug/ug_altmemmult.pdf</TARGET>
	</MENU_ITEM>
</MENU>
</HELP>
</INFO>

PARALLEL_ADD=mega_parallel_add %f
<INFO>
<MWII_INFO SUPPORTED="ON"/>
<NAV SUPPORTED="ON"/>
<LAF SUPPORTED="ON"/>
<WIZARD_TITLE>PARALLEL_ADD</WIZARD_TITLE>
<TOOLTIP>Parallel-add megafunction</TOOLTIP>
<SUMMARY_PAGE CNX_INFO="ON"/>
<QIP_FILE_ENABLED/>
<VHDL_NO_COMPONENT_DECLARATION/>
<DEVICE_FAMILY AUTO_DEVICE_COMBOBOX="ON"/>
<RESOURCE_INFO_ENABLED/>
<HELP BUTTON="ON" MENU="ON">
<MENU>
	<MENU_ITEM TYPE="IUG">
		<LABEL>parallel_add Megafunction User Guide</LABEL>
		<TARGET>http://www.altera.com/literature/ug/ug_parallel_add_mf.pdf</TARGET>
	</MENU_ITEM>
</MENU>
</HELP>
</INFO>

ALTFP_ADD_SUB=mega_altfp_add_sub %f
<INFO>
<MWII_INFO SUPPORTED="ON"/>
<NAV SUPPORTED="ON"/>
<LAF SUPPORTED="ON"/>
<WIZARD_TITLE>ALTFP_ADD_SUB</WIZARD_TITLE>
<TOOLTIP>Floating point adder/subtractor megafunction</TOOLTIP>
<DEVICE_FAMILY SUPPORT_CHECK="ON" SUPPORTED="-family_max|-family_flex6000|-family_flex10ke" AUTO_DEVICE_COMBOBOX="ON"/>
<SUMMARY_PAGE CNX_INFO="ON"/>
<QIP_FILE_ENABLED/>
<RESOURCE_INFO_ENABLED/>
<HELP BUTTON="ON" MENU="ON">
<MENU>
	<MENU_ITEM TYPE="IUG">
		<LABEL>altfp_add_sub Megafunction User Guide</LABEL>
		<TARGET>http://www.altera.com/literature/ug/ug_altfp_addsub.pdf</TARGET>
	</MENU_ITEM>
</MENU>
</HELP>
</INFO>


ALTECC=mega_altecc -tEN %f
<INFO>
<MWII_INFO SUPPORTED="ON"/>
<NAV SUPPORTED="ON"/>
<LAF SUPPORTED="ON"/>
<WIZARD_TITLE>ALTECC</WIZARD_TITLE>
<TOOLTIP>ECC Encoder/Decoder megafunction</TOOLTIP>
<MF>ALTECC_ENCODER -tEN, ALTECC_DECODER -tDE</MF>
<SUMMARY_PAGE CNX_INFO="ON"/>
<QIP_FILE_ENABLED/>
<RESOURCE_INFO_ENABLED/>
<DEVICE_FAMILY AUTO_DEVICE_COMBOBOX="ON"/>
<HELP BUTTON="ON" MENU="ON">
<MENU>
	<MENU_ITEM TYPE="IUG">
		<LABEL>altecc Megafunction User Guide</LABEL>
		<TARGET>http://www.altera.com/literature/ug/ug_altecc.pdf</TARGET>
	</MENU_ITEM>
</MENU>
</HELP>
</INFO>

[Storage]
LPM_FF=mega_lpm_counter -tLPM_FF %f
<INFO>
<MWII_INFO SUPPORTED="ON"/>
<NAV SUPPORTED="ON"/>
<LAF SUPPORTED="ON"/>
<WIZARD_TITLE>LPM_FF</WIZARD_TITLE>
<LICENSE_CHECK VALUE="ON"/>
<MF>LPM_DFF -tLPM_DFF, LPM_TFF -tLPM_TFF</MF>
<TOOLTIP>Flipflop megafunction -- contains features not available in primitives, such as synchronous or asynchronous set, clear, and load inputs</TOOLTIP>
<RESOURCE_INFO_ENABLED/>
<SUMMARY_PAGE CNX_INFO="ON"/>
<QIP_FILE_ENABLED/>
<DEVICE_FAMILY AUTO_DEVICE_COMBOBOX="ON"/>
<HELP BUTTON="ON"/>
</INFO>

LPM_LATCH=mega_lpm_arithm -tLPM_LATCH %f
<INFO>
<MWII_INFO SUPPORTED="ON"/>
<NAV SUPPORTED="ON"/>
<LAF SUPPORTED="ON"/>
<WIZARD_TITLE>LPM_LATCH</WIZARD_TITLE>
<LICENSE_CHECK VALUE="ON"/>
<DEVICE_FAMILY SUPPORT_CHECK="ON" AUTO_DEVICE_COMBOBOX="ON"/>
<TOOLTIP>Latch megafunction</TOOLTIP>
<SUMMARY_PAGE CNX_INFO="ON"/>
<QIP_FILE_ENABLED/>
<RESOURCE_INFO_ENABLED/>
<VERILOG_FULLY_CONNECTED_NETLIST/>
<HELP BUTTON="ON"/>
</INFO>

LPM_SHIFTREG=mega_lpm_counter -tLPM_SHIFTREG %f
<INFO>
<MWII_INFO SUPPORTED="ON"/>
<NAV SUPPORTED="ON"/>
<LAF SUPPORTED="ON"/>
<WIZARD_TITLE>LPM_SHIFTREG</WIZARD_TITLE>
<LICENSE_CHECK VALUE="ON"/>
<TOOLTIP>Shift register megafunction</TOOLTIP>
<SUMMARY_PAGE CNX_INFO="ON"/>
<QIP_FILE_ENABLED/>
<DEVICE_FAMILY AUTO_DEVICE_COMBOBOX="ON"/>
<RESOURCE_INFO_ENABLED/>
<HELP BUTTON="ON" MENU="ON">
<MENU>
	<MENU_ITEM TYPE="IUG">
		<LABEL>lpm_shiftreg Megafunction User Guide</LABEL>
		<TARGET>http://www.altera.com/literature/ug/lpm_shiftreg.pdf</TARGET>
	</MENU_ITEM>
</MENU>
</HELP>
</INFO>

LPM_RAM_DQ=mega_lpm_ram -tLPM_RAM_DQ %f %h
<INFO>
<MWII_INFO SUPPORTED="ON"/>
<NAV SUPPORTED="ON"/>
<LAF SUPPORTED="ON"/>
<WIZARD_TITLE>LPM_RAM_DQ</WIZARD_TITLE>
<LICENSE_CHECK VALUE="ON"/>
<DEVICE_FAMILY SUPPORT_CHECK="ON" AUTO_DEVICE_COMBOBOX="ON"/>
<VISIBILITY FOR_CREATE="OFF"/>
<TOOLTIP>Single-port RAM megafunction with separate input and output ports</TOOLTIP>
<SUMMARY_PAGE CNX_INFO="ON"/>
<QIP_FILE_ENABLED/>
<VERILOG_FULLY_CONNECTED_NETLIST/>
<HELP BUTTON="ON" MENU="ON">
<MENU>
	<MENU_ITEM TYPE="IUG">
		<LABEL>RAM Megafunction User Guide</LABEL>
		<TARGET>http://www.altera.com/literature/ug/ug_ram.pdf</TARGET>
	</MENU_ITEM>
</MENU>
</HELP>
</INFO>


LPM_ROM=mega_lpm_ram -tLPM_ROM %f %h
<INFO>
<MWII_INFO SUPPORTED="ON"/>
<NAV SUPPORTED="ON"/>
<LAF SUPPORTED="ON"/>
<WIZARD_TITLE>LPM_ROM</WIZARD_TITLE>
<LICENSE_CHECK VALUE="ON"/>
<DEVICE_FAMILY SUPPORT_CHECK="ON" SUPPORTED="NONE|family_has_eab" AUTO_DEVICE_COMBOBOX="ON"/>
<VISIBILITY FOR_CREATE="OFF"/>
<TOOLTIP>Single-port ROM megafunction</TOOLTIP>
<SUMMARY_PAGE CNX_INFO="ON"/>
<QIP_FILE_ENABLED/>
<VERILOG_FULLY_CONNECTED_NETLIST/>
<HELP BUTTON="ON" MENU="ON">
<MENU>
	<MENU_ITEM TYPE="IUG">
		<LABEL>lpm_rom Megafunction User Guide</LABEL>
		<TARGET>http://www.altera.com/literature/ug/ug_lpm_rom.pdf</TARGET>
	</MENU_ITEM>
</MENU>
</HELP>
</INFO>

LPM_RAM_DP+=mega_lpm_ram -tDPRAM %f %h
<INFO>
<MWII_INFO SUPPORTED="ON"/>
<NAV SUPPORTED="ON"/>
<LAF SUPPORTED="ON"/>
<WIZARD_TITLE>LPM_RAM_DP+</WIZARD_TITLE>
<LICENSE_CHECK VALUE="ON"/>
<MF>ALTDPRAM</MF>
<DEVICE_FAMILY AUTO_DEVICE_COMBOBOX="ON"/>
<VISIBILITY FOR_CREATE="OFF"/>
<TOOLTIP>Enhanced simple dual-port RAM megafunction -- provides one read-only port and one write-only port</TOOLTIP>
<SUMMARY_PAGE CNX_INFO="ON"/>
<QIP_FILE_ENABLED/>
<VERILOG_FULLY_CONNECTED_NETLIST/>
<HELP BUTTON="ON"/>
</INFO>

LPM_RAM_DP=mega_lpm_ram -tLPM_RAM_DP %f %h
<INFO>
<MWII_INFO SUPPORTED="ON"/>
<NAV SUPPORTED="ON"/>
<LAF SUPPORTED="ON"/>
<WIZARD_TITLE>LPM_RAM_DP</WIZARD_TITLE>
<LICENSE_CHECK VALUE="ON"/>
<DEVICE_FAMILY AUTO_DEVICE_COMBOBOX="ON"/>
<VISIBILITY FOR_CREATE="OFF"/>
<TOOLTIP>LPM-compliant simple dual-port RAM megafunction -- provides one read-only port and one write-only port</TOOLTIP>
<SUMMARY_PAGE CNX_INFO="ON"/>
<QIP_FILE_ENABLED/>
<VERILOG_FULLY_CONNECTED_NETLIST/>
<HELP BUTTON="ON" MENU="ON">
<MENU>
	<MENU_ITEM TYPE="IUG">
		<LABEL>RAM Megafunction User Guide</LABEL>
		<TARGET>http://www.altera.com/literature/ug/ug_ram.pdf</TARGET>
	</MENU_ITEM>
</MENU>
</HELP>
</INFO>

LPM_FIFO+=mega_lpm_ram -tSFIFO %f
<INFO>
<MWII_INFO SUPPORTED="ON"/>
<NAV SUPPORTED="ON"/>
<LAF SUPPORTED="ON"/>
<WIZARD_TITLE>LPM_FIFO+</WIZARD_TITLE>
<LICENSE_CHECK VALUE="ON"/>
<ALIAS>LPM_FIFO</ALIAS>
<MF>DCFIFO -tDCFIFO, SFIFO -tSFIFO, SCFIFO -tSFIFO, LPM_FIFO, LPM_FIFO_DC -tDCFIFO</MF>
<DEVICE_FAMILY SUPPORT_CHECK="ON" AUTO_DEVICE_COMBOBOX="ON"/>
<VISIBILITY FOR_CREATE="OFF"/>
<TOOLTIP>Single-clock or dual-clock FIFO megafunction</TOOLTIP>
<SUMMARY_PAGE CNX_INFO="ON"/>
<QIP_FILE_ENABLED/>
<HELP BUTTON="ON" MENU="ON">
<MENU>
	<MENU_ITEM TYPE="IUG">
		<LABEL>Single and Dual-Clock FIFO Megafunctions User Guide</LABEL>
		<TARGET>http://www.altera.com/literature/ug/ug_fifo.pdf</TARGET>
	</MENU_ITEM>
</MENU>
</HELP>
</INFO>

ALTCAM=mega_lpm_ram -tALTCAM %f
<INFO>
<MWII_INFO SUPPORTED="ON"/>
<NAV SUPPORTED="ON"/>
<LAF SUPPORTED="ON"/>
<WIZARD_TITLE>ALTCAM</WIZARD_TITLE>
<LICENSE_CHECK VALUE="ON"/>
<DEVICE_FAMILY SUPPORT_CHECK="ON" SUPPORTED="NONE|family_apex20ke|family_apexii" AUTO_DEVICE_COMBOBOX="ON"/>
<TOOLTIP>Content-addressable memory (CAM) megafunction</TOOLTIP>
<SUMMARY_PAGE CNX_INFO="ON"/>
<QIP_FILE_ENABLED/>
<HELP BUTTON="ON"/>
</INFO>

ALT3PRAM=mega_lpm_ram -tALT3PRAM %f %h
<INFO>
<MWII_INFO SUPPORTED="ON"/>
<NAV SUPPORTED="ON"/>
<LAF SUPPORTED="ON"/>
<WIZARD_TITLE>ALT3PRAM</WIZARD_TITLE>
<LICENSE_CHECK VALUE="ON"/>
<DEVICE_FAMILY SUPPORT_CHECK="ON" AUTO_DEVICE_COMBOBOX="ON"/>
<VISIBILITY FOR_CREATE="OFF"/>
<TOOLTIP>Triple-port RAM megafunction</TOOLTIP>
<SUMMARY_PAGE CNX_INFO="ON"/>
<QIP_FILE_ENABLED/>
<HELP BUTTON="ON"/>
</INFO>

ALTQPRAM=mega_quadram %f
<INFO>
<MWII_INFO SUPPORTED="ON"/>
<NAV SUPPORTED="ON"/>
<LAF SUPPORTED="ON"/>
<WIZARD_TITLE>ALTQPRAM</WIZARD_TITLE>
<LICENSE_CHECK VALUE="ON"/>
<DEVICE_FAMILY SUPPORT_CHECK="ON" SUPPORTED="NONE|family_uses_altqpram" AUTO_DEVICE_COMBOBOX="ON"/>
<TOOLTIP>True dual-port RAM megafunction for Apex II devices</TOOLTIP>
<SUMMARY_PAGE CNX_INFO="ON"/>
<QIP_FILE_ENABLED/>
<HELP BUTTON="ON"/>
</INFO>

ALTSHIFT_TAPS=mega_altshift_taps %f
<INFO>
<MWII_INFO SUPPORTED="ON"/>
<NAV SUPPORTED="ON"/>
<LAF SUPPORTED="ON"/>
<WIZARD_TITLE>ALTSHIFT_TAPS</WIZARD_TITLE>
<DEVICE_FAMILY SUPPORT_CHECK="ON" SUPPORTED="NONE|family_has_eab" AUTO_DEVICE_COMBOBOX="ON"/>
<VISIBILITY FOR_CREATE="OFF"/>
<TOOLTIP>RAM-based shift register with taps megafunction</TOOLTIP>
<VERILOG_FULLY_CONNECTED_NETLIST/>
<SUMMARY_PAGE CNX_INFO="ON"/>
<QIP_FILE_ENABLED/>
<HELP BUTTON="ON" MENU="ON">
<MENU>
	<MENU_ITEM TYPE="IUG">
		<LABEL>Shift Register (RAM-Based) User Guide</LABEL>
		<TARGET>http://www.altera.com/literature/ug/ug_shift_register_ram_based.pdf</TARGET>
	</MENU_ITEM>
</MENU>
</HELP>
</INFO>

ALTSYNCRAM=mega_lpm_ram -tALTSYNCRAM %f %h
<INFO>
<MWII_INFO SUPPORTED="ON"/>
<NAV SUPPORTED="ON"/>
<LAF SUPPORTED="ON"/>
<WIZARD_TITLE>ALTSYNCRAM</WIZARD_TITLE>
<LICENSE_CHECK VALUE="ON"/>
<DEVICE_FAMILY SUPPORT_CHECK="ON" SUPPORTED="NONE|family_has_stratix_style_ram" AUTO_DEVICE_COMBOBOX="ON"/>
<VISIBILITY FOR_CREATE="OFF"/>
<HELP BUTTON="ON" MENU="ON">
<MENU>
	<MENU_ITEM TYPE="IUG">
		<LABEL>Memory Implementations Using Cyclone Memory Blocks</LABEL>
		<TARGET>http://www.altera.com/literature/hb/cyc/cyc_c51007.pdf</TARGET>
	</MENU_ITEM>
	<MENU_ITEM TYPE="IUG">
		<LABEL>Cyclone II Memory Blocks</LABEL>
		<TARGET>http://www.altera.com/literature/hb/cyc2/cyc2_cii51008.pdf</TARGET>
	</MENU_ITEM>
	<MENU_ITEM TYPE="IUG">
		<LABEL>TriMatrix Memory Blocks in Stratix (GX)</LABEL>
		<TARGET>http://www.altera.com/literature/hb/stx/ch_3_vol_2.pdf</TARGET>
	</MENU_ITEM>
	<MENU_ITEM TYPE="IUG">
		<LABEL>TriMatrix Memory Blocks in Stratix II</LABEL>
		<TARGET>http://www.altera.com/literature/hb/stx2/stx2_sii52002.pdf</TARGET>
	</MENU_ITEM>
</MENU>
</HELP>
<TOOLTIP>True dual-port and single-port synchronous RAM megafunction</TOOLTIP>
<VERILOG_FULLY_CONNECTED_NETLIST/>
<SUMMARY_PAGE CNX_INFO="ON"/>
<QIP_FILE_ENABLED/>
</INFO>


[Memory Compiler]
CAM=mega_lpm_ram -caption_text:CAM -tALTCAM %f
<INFO>
<MWII_INFO SUPPORTED="ON"/>
<NAV SUPPORTED="ON"/>
<LAF SUPPORTED="ON"/>
<WIZARD_TITLE>CAM</WIZARD_TITLE>
<LICENSE_CHECK VALUE="ON"/>
<DEVICE_FAMILY SUPPORT_CHECK="ON" SUPPORTED="NONE|family_apex20ke|family_apexii" AUTO_DEVICE_COMBOBOX="ON"/>
<TOOLTIP>Content-addressable memory (CAM) megafunction</TOOLTIP>
<SUMMARY_PAGE CNX_INFO="ON"/>
<QIP_FILE_ENABLED/>
<HELP BUTTON="ON"/>
</INFO>

FIFO=mega_lpm_ram -caption_text:FIFO -tSFIFO %f
<INFO>
<MWII_INFO SUPPORTED="ON"/>
<NAV SUPPORTED="ON"/>
<LAF SUPPORTED="ON"/>
<WIZARD_TITLE>FIFO</WIZARD_TITLE>
<LICENSE_CHECK VALUE="ON"/>
<DEVICE_FAMILY SUPPORT_CHECK="ON" AUTO_DEVICE_COMBOBOX="ON"/>
<TOOLTIP>Single-clock or dual-clock FIFO megafunction</TOOLTIP>
<SUMMARY_PAGE CNX_INFO="ON"/>
<QIP_FILE_ENABLED/>
<RESOURCE_INFO_ENABLED/>
<HELP BUTTON="ON" MENU="ON">
<MENU>
	<MENU_ITEM TYPE="IUG">
		<LABEL>Single and Dual-Clock FIFO Megafunctions User Guide</LABEL>
		<TARGET>http://www.altera.com/literature/ug/ug_fifo.pdf</TARGET>
	</MENU_ITEM>
</MENU>
</HELP>
</INFO>

RAM: 1-PORT=mega_lpm_ram %f %h -caption_text:"RAM: 1-PORT" -tRAM_1PORT
<INFO>
<MWII_INFO SUPPORTED="ON"/>
<NAV SUPPORTED="ON"/>
<LAF SUPPORTED="ON"/>
<WIZARD_TITLE>RAM</WIZARD_TITLE>
<LICENSE_CHECK VALUE="ON"/>
<DEVICE_FAMILY AUTO_DEVICE_COMBOBOX="ON"/>
<TOOLTIP>Single-port RAM megafunction</TOOLTIP>
<SUMMARY_PAGE CNX_INFO="ON"/>
<VERILOG_FULLY_CONNECTED_NETLIST/>
<RESOURCE_INFO_ENABLED/>
<QIP_FILE_ENABLED/>
<HELP BUTTON="ON" MENU="ON">
<MENU>
	<MENU_ITEM TYPE="IUG">
		<LABEL>RAM Megafunction User Guide</LABEL>
		<TARGET>http://www.altera.com/literature/ug/ug_ram.pdf</TARGET>
	</MENU_ITEM>
	<MENU_ITEM TYPE="IUG_ALIAS">
		<LABEL>STRATIX_WEB_LINK</LABEL>
		<TARGET>http://www.altera.com/literature/hb/stx/ch_3_vol_2.pdf</TARGET>
	</MENU_ITEM>
	<MENU_ITEM TYPE="ALIAS">
		<LABEL>STRATIX_WEB_MENU_LABEL</LABEL>
		<TARGET>TriMatrix Memory Blocks in Stratix (GX)</TARGET>
	</MENU_ITEM>

	<MENU_ITEM TYPE="IUG_ALIAS">
		<LABEL>CYCLONEII_WEB_LINK</LABEL>
		<TARGET>http://www.altera.com/literature/hb/cyc2/cyc2_cii51008.pdf</TARGET>
	</MENU_ITEM>
	<MENU_ITEM TYPE="ALIAS">
		<LABEL>CYCLONEII_WEB_MENU_LABEL</LABEL>
		<TARGET>Cyclone II Memory Blocks</TARGET>
	</MENU_ITEM>

	<MENU_ITEM TYPE="IUG_ALIAS">
		<LABEL>CYCLONE_WEB_LINK</LABEL>
		<TARGET>http://www.altera.com/literature/hb/cyc/cyc_c51007.pdf</TARGET>
	</MENU_ITEM>
	<MENU_ITEM TYPE="ALIAS">
		<LABEL>CYCLONE_WEB_MENU_LABEL</LABEL>
		<TARGET>Memory Implementations Using Cyclone Memory Blocks</TARGET>
	</MENU_ITEM>

	<MENU_ITEM TYPE="IUG_ALIAS">
		<LABEL>STRATIXII_WEB_LINK</LABEL>
		<TARGET>http://www.altera.com/literature/hb/stx2/stx2_sii52002.pdf</TARGET>
	</MENU_ITEM>
	<MENU_ITEM TYPE="ALIAS">
		<LABEL>STRATIXII_WEB_MENU_LABEL</LABEL>
		<TARGET>TriMatrix Memory Blocks in Stratix II</TARGET>
	</MENU_ITEM>

	<MENU_ITEM TYPE="IUG_ALIAS">
		<LABEL>STRATIXIII_WEB_LINK</LABEL>
		<TARGET>http://www.altera.com/literature/hb/stx3/stx3_siii51004.pdf</TARGET>
	</MENU_ITEM>
	<MENU_ITEM TYPE="ALIAS">
		<LABEL>STRATIXIII_WEB_MENU_LABEL</LABEL>
		<TARGET>TriMatrix Embedded Memory Blocks in Stratix III</TARGET>
	</MENU_ITEM>

	<MENU_ITEM TYPE="IUG_ALIAS">
		<LABEL>APEX_WEB_LINK</LABEL>
		<TARGET>http://www.altera.com/literature/an/an179.pdf</TARGET>
	</MENU_ITEM>
	<MENU_ITEM TYPE="ALIAS">
		<LABEL>APEX_WEB_MENU_LABEL</LABEL>
		<TARGET>Designing with ESBs</TARGET>
	</MENU_ITEM>
</MENU>
</HELP>
</INFO>

RAM: 2-PORT=mega_lpm_ram %f %h -caption_text:"RAM: 2-PORT" -tRAM_2PORT
<INFO>
<MWII_INFO SUPPORTED="ON"/>
<NAV SUPPORTED="ON"/>
<LAF SUPPORTED="ON"/>
<WIZARD_TITLE>RAM: 2-PORT</WIZARD_TITLE>
<LICENSE_CHECK VALUE="ON"/>
<DEVICE_FAMILY AUTO_DEVICE_COMBOBOX="ON"/>
<TOOLTIP>Dual-port RAM megafunction</TOOLTIP>
<SUMMARY_PAGE CNX_INFO="ON"/>
<VERILOG_FULLY_CONNECTED_NETLIST/>
<RESOURCE_INFO_ENABLED/>
<QIP_FILE_ENABLED/>
<HELP BUTTON="ON" MENU="ON">
<MENU>
	<MENU_ITEM TYPE="IUG">
		<LABEL>RAM Megafunction User Guide</LABEL>
		<TARGET>http://www.altera.com/literature/ug/ug_ram.pdf</TARGET>
	</MENU_ITEM>
	<MENU_ITEM TYPE="IUG_ALIAS">
		<LABEL>STRATIX_WEB_LINK</LABEL>
		<TARGET>http://www.altera.com/literature/hb/stx/ch_3_vol_2.pdf</TARGET>
	</MENU_ITEM>
	<MENU_ITEM TYPE="ALIAS">
		<LABEL>STRATIX_WEB_MENU_LABEL</LABEL>
		<TARGET>TriMatrix Memory Blocks in Stratix (GX)</TARGET>
	</MENU_ITEM>

	<MENU_ITEM TYPE="IUG_ALIAS">
		<LABEL>CYCLONEII_WEB_LINK</LABEL>
		<TARGET>http://www.altera.com/literature/hb/cyc2/cyc2_cii51008.pdf</TARGET>
	</MENU_ITEM>
	<MENU_ITEM TYPE="ALIAS">
		<LABEL>CYCLONEII_WEB_MENU_LABEL</LABEL>
		<TARGET>Cyclone II Memory Blocks</TARGET>
	</MENU_ITEM>

	<MENU_ITEM TYPE="IUG_ALIAS">
		<LABEL>CYCLONE_WEB_LINK</LABEL>
		<TARGET>http://www.altera.com/literature/hb/cyc/cyc_c51007.pdf</TARGET>
	</MENU_ITEM>
	<MENU_ITEM TYPE="ALIAS">
		<LABEL>CYCLONE_WEB_MENU_LABEL</LABEL>
		<TARGET>Memory Implementations Using Cyclone Memory Blocks</TARGET>
	</MENU_ITEM>

		<MENU_ITEM TYPE="IUG_ALIAS">
		<LABEL>STRATIXII_WEB_LINK</LABEL>
		<TARGET>http://www.altera.com/literature/hb/stx2/stx2_sii52002.pdf</TARGET>
	</MENU_ITEM>
	<MENU_ITEM TYPE="ALIAS">
		<LABEL>STRATIXII_WEB_MENU_LABEL</LABEL>
		<TARGET>TriMatrix Memory Blocks in Stratix II</TARGET>
	</MENU_ITEM>
	
	<MENU_ITEM TYPE="IUG_ALIAS">
		<LABEL>STRATIXIII_WEB_LINK</LABEL>
		<TARGET>http://www.altera.com/literature/hb/stx3/stx3_siii51004.pdf</TARGET>
	</MENU_ITEM>
	<MENU_ITEM TYPE="ALIAS">
		<LABEL>STRATIXIII_WEB_MENU_LABEL</LABEL>
		<TARGET>TriMatrix Embedded Memory Blocks in Stratix III</TARGET>
	</MENU_ITEM>
	<MENU_ITEM TYPE="IUG_ALIAS">
		<LABEL>APEX_WEB_LINK</LABEL>
		<TARGET>http://www.altera.com/literature/an/an179.pdf</TARGET>
	</MENU_ITEM>
	<MENU_ITEM TYPE="ALIAS">
		<LABEL>APEX_WEB_MENU_LABEL</LABEL>
		<TARGET>Designing with ESBs</TARGET>
	</MENU_ITEM>
</MENU>
</HELP>
</INFO>

RAM: 3-PORT=mega_lpm_ram %f %h -caption_text:"RAM: 3-PORT" -tALT3PRAM
<INFO>
<MWII_INFO SUPPORTED="ON"/>
<NAV SUPPORTED="ON"/>
<LAF SUPPORTED="ON"/>
<WIZARD_TITLE>RAM: 3-PORT</WIZARD_TITLE>
<LICENSE_CHECK VALUE="ON"/>
<DEVICE_FAMILY SUPPORT_CHECK="ON" AUTO_DEVICE_COMBOBOX="ON"/>
<TOOLTIP>Triple-port RAM megafunction</TOOLTIP>
<SUMMARY_PAGE CNX_INFO="ON"/>
<QIP_FILE_ENABLED/>
<RESOURCE_INFO_ENABLED/>
<HELP BUTTON="ON" MENU="ON">
<MENU>
	<MENU_ITEM TYPE="IUG">
		<LABEL>RAM Megafunction User Guide</LABEL>
		<TARGET>http://www.altera.com/literature/ug/ug_ram.pdf</TARGET>
	</MENU_ITEM>
</MENU>
</HELP>
</INFO>

ROM: 1-PORT=mega_lpm_ram %f %h -caption_text:"ROM: 1-PORT" -tROM_1PORT
<INFO>
<MWII_INFO SUPPORTED="ON"/>
<NAV SUPPORTED="ON"/>
<LAF SUPPORTED="ON"/>
<WIZARD_TITLE>ROM: 1-PORT</WIZARD_TITLE>
<LICENSE_CHECK VALUE="ON"/>
<DEVICE_FAMILY SUPPORT_CHECK="ON" SUPPORTED="NONE|family_has_eab" AUTO_DEVICE_COMBOBOX="ON"/>
<ALIAS>ROM</ALIAS>
<TOOLTIP>Single-port ROM megafunction</TOOLTIP>
<SUMMARY_PAGE CNX_INFO="ON"/>
<QIP_FILE_ENABLED/>
<VERILOG_FULLY_CONNECTED_NETLIST/>
<RESOURCE_INFO_ENABLED/>
<HELP BUTTON="ON"  MENU="ON">
<MENU>
	<MENU_ITEM TYPE="IUG_ALIAS">
		<LABEL>STRATIX_WEB_LINK</LABEL>
		<TARGET>http://www.altera.com/literature/hb/stx/ch_3_vol_2.pdf</TARGET>
	</MENU_ITEM>
	<MENU_ITEM TYPE="ALIAS">
		<LABEL>STRATIX_WEB_MENU_LABEL</LABEL>
		<TARGET>TriMatrix Memory Blocks in Stratix (GX)</TARGET>
	</MENU_ITEM>

	<MENU_ITEM TYPE="IUG_ALIAS">
		<LABEL>CYCLONEII_WEB_LINK</LABEL>
		<TARGET>http://www.altera.com/literature/hb/cyc2/cyc2_cii51008.pdf</TARGET>
	</MENU_ITEM>
	<MENU_ITEM TYPE="ALIAS">
		<LABEL>CYCLONEII_WEB_MENU_LABEL</LABEL>
		<TARGET>Cyclone II Memory Blocks</TARGET>
	</MENU_ITEM>

	<MENU_ITEM TYPE="IUG_ALIAS">
		<LABEL>CYCLONE_WEB_LINK</LABEL>
		<TARGET>http://www.altera.com/literature/hb/cyc/cyc_c51007.pdf</TARGET>
	</MENU_ITEM>
	<MENU_ITEM TYPE="ALIAS">
		<LABEL>CYCLONE_WEB_MENU_LABEL</LABEL>
		<TARGET>Memory Implementations Using Cyclone Memory Blocks</TARGET>
	</MENU_ITEM>

	<MENU_ITEM TYPE="IUG_ALIAS">
		<LABEL>STRATIXII_WEB_LINK</LABEL>
		<TARGET>http://www.altera.com/literature/hb/stx2/stx2_sii52002.pdf</TARGET>
	</MENU_ITEM>
	<MENU_ITEM TYPE="ALIAS">
		<LABEL>STRATIXII_WEB_MENU_LABEL</LABEL>
		<TARGET>TriMatrix Memory Blocks in Stratix II</TARGET>
	</MENU_ITEM>

	<MENU_ITEM TYPE="IUG_ALIAS">
		<LABEL>STRATIXIII_WEB_LINK</LABEL>
		<TARGET>http://www.altera.com/literature/hb/stx3/stx3_siii51004.pdf</TARGET>
	</MENU_ITEM>
	<MENU_ITEM TYPE="ALIAS">
		<LABEL>STRATIXIII_WEB_MENU_LABEL</LABEL>
		<TARGET>TriMatrix Embedded Memory Blocks in Stratix III</TARGET>
	</MENU_ITEM>
	
	<MENU_ITEM TYPE="IUG_ALIAS">
		<LABEL>APEX_WEB_LINK</LABEL>
		<TARGET>http://www.altera.com/literature/an/an179.pdf</TARGET>
	</MENU_ITEM>
	<MENU_ITEM TYPE="ALIAS">
		<LABEL>APEX_WEB_MENU_LABEL</LABEL>
		<TARGET>Designing with ESBs</TARGET>
	</MENU_ITEM>
</MENU>
</HELP>
</INFO>

ROM: 2-PORT=mega_lpm_ram %f %h -caption_text:"ROM: 2-PORT" -tROM2PORT
<INFO>
<MWII_INFO SUPPORTED="ON"/>
<NAV SUPPORTED="ON"/>
<LAF SUPPORTED="ON"/>
<WIZARD_TITLE>ROM: 2-PORT</WIZARD_TITLE>
<LICENSE_CHECK VALUE="ON"/>
<DEVICE_FAMILY SUPPORT_CHECK="ON" SUPPORTED="NONE|family_has_stratix_style_ram|family_uses_altqpram" AUTO_DEVICE_COMBOBOX="ON"/>
<TOOLTIP>Dual-port ROM megafunction</TOOLTIP>
<SUMMARY_PAGE CNX_INFO="ON"/>
<QIP_FILE_ENABLED/>
<RESOURCE_INFO_ENABLED/>
<HELP BUTTON="ON"  MENU="ON">
<MENU>
	<MENU_ITEM TYPE="IUG_ALIAS">
		<LABEL>STRATIX_WEB_LINK</LABEL>
		<TARGET>http://www.altera.com/literature/hb/stx/ch_3_vol_2.pdf</TARGET>
	</MENU_ITEM>
	<MENU_ITEM TYPE="ALIAS">
		<LABEL>STRATIX_WEB_MENU_LABEL</LABEL>
		<TARGET>TriMatrix Memory Blocks in Stratix (GX)</TARGET>
	</MENU_ITEM>

	<MENU_ITEM TYPE="IUG_ALIAS">
		<LABEL>CYCLONEII_WEB_LINK</LABEL>
		<TARGET>http://www.altera.com/literature/hb/cyc2/cyc2_cii51008.pdf</TARGET>
	</MENU_ITEM>
	<MENU_ITEM TYPE="ALIAS">
		<LABEL>CYCLONEII_WEB_MENU_LABEL</LABEL>
		<TARGET>Cyclone II Memory Blocks</TARGET>
	</MENU_ITEM>

	<MENU_ITEM TYPE="IUG_ALIAS">
		<LABEL>CYCLONE_WEB_LINK</LABEL>
		<TARGET>http://www.altera.com/literature/hb/cyc/cyc_c51007.pdf</TARGET>
	</MENU_ITEM>
	<MENU_ITEM TYPE="ALIAS">
		<LABEL>CYCLONE_WEB_MENU_LABEL</LABEL>
		<TARGET>Memory Implementations Using Cyclone Memory Blocks</TARGET>
	</MENU_ITEM>

	<MENU_ITEM TYPE="IUG_ALIAS">
		<LABEL>STRATIXII_WEB_LINK</LABEL>
		<TARGET>http://www.altera.com/literature/hb/stx2/stx2_sii52002.pdf</TARGET>
	</MENU_ITEM>
	<MENU_ITEM TYPE="ALIAS">
		<LABEL>STRATIXII_WEB_MENU_LABEL</LABEL>
		<TARGET>TriMatrix Memory Blocks in Stratix II</TARGET>
	</MENU_ITEM>

	<MENU_ITEM TYPE="IUG_ALIAS">
		<LABEL>STRATIXIII_WEB_LINK</LABEL>
		<TARGET>http://www.altera.com/literature/hb/stx3/stx3_siii51004.pdf</TARGET>
	</MENU_ITEM>
	<MENU_ITEM TYPE="ALIAS">
		<LABEL>STRATIXIII_WEB_MENU_LABEL</LABEL>
		<TARGET>TriMatrix Embedded Memory Blocks in Stratix III</TARGET>
	</MENU_ITEM>
	
	<MENU_ITEM TYPE="IUG_ALIAS">
		<LABEL>APEX_WEB_LINK</LABEL>
		<TARGET>http://www.altera.com/literature/an/an179.pdf</TARGET>
	</MENU_ITEM>
	<MENU_ITEM TYPE="ALIAS">
		<LABEL>APEX_WEB_MENU_LABEL</LABEL>
		<TARGET>Designing with ESBs</TARGET>
	</MENU_ITEM>

	<MENU_ITEM TYPE="IUG">
		<LABEL>ROM Megafunction User Guide</LABEL>
		<TARGET>http://www.altera.com/literature/ug/ug_memrom.pdf</TARGET>
	</MENU_ITEM>
</MENU>
</HELP>

</INFO>

Shift register (RAM-based)=mega_altshift_taps %f -caption_text:"Shift register (RAM-based)"
<INFO>
<MWII_INFO SUPPORTED="ON"/>
<NAV SUPPORTED="ON"/>
<LAF SUPPORTED="ON"/>
<WIZARD_TITLE>Shift Register (RAM-based)</WIZARD_TITLE>
<DEVICE_FAMILY SUPPORT_CHECK="ON" SUPPORTED="NONE|family_has_eab" AUTO_DEVICE_COMBOBOX="ON"/>
<TOOLTIP>RAM-based shift register with taps megafunction</TOOLTIP>
<SUMMARY_PAGE CNX_INFO="ON"/>
<QIP_FILE_ENABLED/>
<RESOURCE_INFO_ENABLED/>
<HELP BUTTON="ON" MENU="ON" >
<MENU>
	<MENU_ITEM TYPE="IUG">
		<LABEL>Shift Register (RAM-Based) User Guide</LABEL>
		<TARGET>http://www.altera.com/literature/ug/ug_shift_register_ram_based.pdf</TARGET>
	</MENU_ITEM>
</MENU>
</HELP>
</INFO>

Flash Memory=mega_altufm -tNONE %f
<INFO>
<MWII_INFO SUPPORTED="ON"/>
<NAV SUPPORTED="ON"/>
<LAF SUPPORTED="ON"/>
<WIZARD_TITLE>Flash Memory</WIZARD_TITLE>
<LICENSE_CHECK VALUE="ON"/>
<DEVICE_FAMILY SUPPORT_CHECK="ON"
 SUPPORTED="NONE|family_maxii" AUTO_DEVICE_COMBOBOX="ON"
 PARTS_INFO="SELECTABLE" PARTS_INFO_SEL_LIST="MAXII:part_device, unvm"/>
<TOOLTIP>Various Choices of Interfaces to access User flash memory</TOOLTIP>
<MF>ALTUFM_NONE -tNONE, ALTUFM_PARALLEL -tPARALLEL, ALTUFM_SPI -tSPI, ALTUFM_I2C -tI2C</MF>
<SUMMARY_PAGE CNX_INFO="ON"/>
<QIP_FILE_ENABLED/>
<RESOURCE_INFO_ENABLED/>
<HELP BUTTON="ON" MENU="ON">
<MENU>
	<MENU_ITEM TYPE="IUG">
		<LABEL>Flash Memory Megafunction User Guide</LABEL>
		<TARGET>http://www.altera.com/literature/ug/ug_alt_ufm.pdf</TARGET>
	</MENU_ITEM>
	<MENU_ITEM TYPE="IUG">
		<LABEL>Using User flash memory in MAX II</LABEL>
		<TARGET>http://www.altera.com/literature/hb/max2/max2_mii51010.pdf</TARGET>
	</MENU_ITEM>
</MENU>
</HELP>
</INFO>

[I/O]
ALTIOBUF=mega_altiobuf -tIN %f
<INFO>
<MWII_INFO SUPPORTED="ON"/>
<NAV SUPPORTED="ON"/>
<LAF SUPPORTED="ON"/>
<WIZARD_TITLE>ALTIOBUF</WIZARD_TITLE>
<TOOLTIP>I/O buffer megafunction</TOOLTIP>
<DEVICE_FAMILY SUPPORT_CHECK="ON" SUPPORTED="NONE|family_base_stratixiii|family_base_cycloneiii" AUTO_DEVICE_COMBOBOX="ON"/>
<MF>ALTIOBUF_IN -tIN, ALTIOBUF_OUT -tOUT, ALTIOBUF_BIDIR -tBIDIR</MF>
<SUMMARY_PAGE CNX_INFO="ON"/>
<QIP_FILE_ENABLED/>
<RESOURCE_INFO_ENABLED/>
<HELP BUTTON="ON" MENU="ON">
<MENU>
	<MENU_ITEM TYPE="IUG">
		<LABEL>Altiobuf Megafunction User Guide</LABEL>
		<TARGET>http://www.altera.com/literature/ug/ug_altiobuf.pdf</TARGET>
	</MENU_ITEM>
</MENU>
</HELP>
</INFO>

ALTLVDS=mega_altlvds -tTX %f
<INFO>
<MWII_INFO SUPPORTED="ON"/>
<NAV SUPPORTED="ON"/>
<LAF SUPPORTED="ON"/>
<WIZARD_TITLE>ALTLVDS</WIZARD_TITLE>
<LICENSE_CHECK VALUE="ON"/>
<DEVICE_FAMILY SUPPORT_CHECK="ON" SUPPORTED="NONE|family_has_serdes_block|family_has_flexible_lvds" AUTO_DEVICE_COMBOBOX="ON"/>
<MF>ALTLVDS_TX -tTX, ALTLVDS_RX -tRX</MF>
<TOOLTIP>LVDS megafunction -- implements a serialization transmitter or deserialization receiver</TOOLTIP>
<SUMMARY_PAGE CNX_INFO="ON"/>
<QIP_FILE_ENABLED/>
<PINPLAN SUPPORTED="ON"/>
<RESOURCE_INFO_ENABLED/>
<CBX_MODULE_PREFIX_ENABLED />
<VERILOG_FULLY_CONNECTED_NETLIST/>
<HELP BUTTON="ON" MENU="ON" >
<MENU>
	<MENU_ITEM TYPE="IUG">
		<LABEL>altlvds Megafunction User Guide</LABEL>
		<TARGET>http://www.altera.com/literature/ug/ug_IP_LVDS_IO.pdf</TARGET>
	</MENU_ITEM>
	<MENU_ITEM TYPE="IUG_ALIAS">
		<LABEL>STRATIXII_WEB_LINK</LABEL>
		<TARGET>http://www.altera.com/literature/hb/stx2/stx2_sii52005.pdf</TARGET>
	</MENU_ITEM>
	<MENU_ITEM TYPE="ALIAS">
		<LABEL>STRATIXII_WEB_MENU_LABEL</LABEL>
		<TARGET>Using High-Speed Differential I/O Interfaces with DPA</TARGET>
	</MENU_ITEM>
	
	<MENU_ITEM TYPE="IUG_ALIAS">
		<LABEL>STRATIXIII_WEB_LINK</LABEL>
		<TARGET>http://www.altera.com/literature/hb/stx3/stx3_siii51009.pdf</TARGET>
	</MENU_ITEM>
	<MENU_ITEM TYPE="ALIAS">
		<LABEL>STRATIXIII_WEB_MENU_LABEL</LABEL>
		<TARGET>High-Speed Differential I/O Interfaces with DPA in Stratix III Devices</TARGET>
	</MENU_ITEM>
	

	<MENU_ITEM TYPE="IUG_ALIAS">
		<LABEL>STRATIXIIGX_WEB_LINK</LABEL>
		<TARGET>http://www.altera.com/literature/hb/stx2gx/stxiigx_sii52005.pdf</TARGET>
	</MENU_ITEM>
	<MENU_ITEM TYPE="ALIAS">
		<LABEL>STRATIXIIGX_WEB_MENU_LABEL</LABEL>
		<TARGET>Using High-Speed Differential I/O Interfaces in Stratix II GX devices</TARGET>
	</MENU_ITEM>

	<MENU_ITEM TYPE="IUG_ALIAS">
		<LABEL>APEXII_WEB_LINK</LABEL>
		<TARGET>http://www.altera.com/literature/an/an166.pdf</TARGET>
	</MENU_ITEM>
	<MENU_ITEM TYPE="ALIAS">
		<LABEL>APEXII_WEB_MENU_LABEL</LABEL>
		<TARGET>Using High-Speed IO standards</TARGET>
	</MENU_ITEM>

	<MENU_ITEM TYPE="IUG_ALIAS">
		<LABEL>APEX_WEB_LINK</LABEL>
		<TARGET>http://www.altera.com/literature/an/an120.pdf</TARGET>
	</MENU_ITEM>
	<MENU_ITEM TYPE="ALIAS">
		<LABEL>APEX_WEB_MENU_LABEL</LABEL>
		<TARGET>Using LVDS in Apex families</TARGET>
	</MENU_ITEM>

	<MENU_ITEM TYPE="IUG_ALIAS">
		<LABEL>STRATIX_WEB_LINK</LABEL>
		<TARGET>http://www.altera.com/literature/hb/stx/ch_5_vol_2.pdf</TARGET>
	</MENU_ITEM>
	<MENU_ITEM TYPE="ALIAS">
		<LABEL>STRATIX_WEB_MENU_LABEL</LABEL>
		<TARGET>Using High-Speed Differential I/O Interfaces</TARGET>
	</MENU_ITEM>

	<MENU_ITEM TYPE="IUG_ALIAS">
		<LABEL>STRATIXGX_WEB_LINK</LABEL>
		<TARGET>http://www.altera.com/literature/an/an236.pdf</TARGET>
	</MENU_ITEM>
	<MENU_ITEM TYPE="ALIAS">
		<LABEL>STRATIXGX_WEB_MENU_LABEL</LABEL>
		<TARGET>Using Source-Synchronous Signaling with DPA</TARGET>
	</MENU_ITEM>
	<MENU_ITEM TYPE="IUG_ALIAS">
		<LABEL>CYCLONE_WEB_LINK</LABEL>
		<TARGET>http://www.altera.com/literature/hb/cyc/cyc_c51009.pdf</TARGET>
	</MENU_ITEM>
	<MENU_ITEM TYPE="ALIAS">
		<LABEL>CYCLONE_WEB_MENU_LINK</LABEL>
		<TARGET>High Speed Differential Signaling</TARGET>
	</MENU_ITEM>
	<MENU_ITEM TYPE="IUG_ALIAS">
		<LABEL>CYCLONEII_WEB_LINK</LABEL>
		<TARGET>http://www.altera.com/literature/hb/cyc2/cyc2_cii51010.pdf</TARGET>
	</MENU_ITEM>
	<MENU_ITEM TYPE="ALIAS">
		<LABEL>CYCLONEII_WEB_MENU_LINK</LABEL>
		<TARGET>Selectable I/O Standards</TARGET>
	</MENU_ITEM>
</MENU>
</HELP>
</INFO>


ALTCLKLOCK=mega_altclklock -wizard_name:ALTCLKLOCK %f
<INFO>
<MWII_INFO SUPPORTED="ON"/>
<NAV SUPPORTED="ON"/>
<LAF SUPPORTED="ON"/>
<WIZARD_TITLE>ALTCLKLOCK</WIZARD_TITLE>
<LICENSE_CHECK VALUE="ON"/>
<DEVICE_FAMILY SUPPORT_CHECK="ON" SUPPORTED="NONE|family_has_pll|-family_flex10k" AUTO_DEVICE_COMBOBOX="ON"/>
<TOOLTIP>Phase-locked loop (PLL) megafunction</TOOLTIP>
<SUMMARY_PAGE CNX_INFO="ON"/>
<QIP_FILE_ENABLED/>
<VERILOG_FULLY_CONNECTED_NETLIST/>
<PINPLAN SUPPORTED="ON"/>
<RESOURCE_INFO_ENABLED/>
<HELP BUTTON="ON"/>
</INFO>

ALTDDIO_IN=mega_altddio -tALTDDIO_IN %f
<INFO>
<MWII_INFO SUPPORTED="ON"/>
<NAV SUPPORTED="ON"/>
<LAF SUPPORTED="ON"/>
<WIZARD_TITLE>ALTDDIO_IN</WIZARD_TITLE>
<LICENSE_CHECK VALUE="ON"/>
<DEVICE_FAMILY SUPPORT_CHECK="ON" SUPPORTED="NONE|family_has_ddio" AUTO_DEVICE_COMBOBOX="ON"/>
<TOOLTIP>Double Data Rate (DDR) input megafunction</TOOLTIP>
<SUMMARY_PAGE CNX_INFO="ON"/>
<QIP_FILE_ENABLED/>
<PINPLAN SUPPORTED="ON"/>
<VHDL_NO_COMPONENT_DECLARATION/>
<VERILOG_FULLY_CONNECTED_NETLIST/>
<RESOURCE_INFO_ENABLED/>
<HELP BUTTON="ON" MENU="ON">
<MENU>
	<MENU_ITEM TYPE="IUG">
		<LABEL>Altera Double Data Rate Megafunctions User Guide</LABEL>
		<TARGET>http://www.altera.com/literature/ug/ug_altddio.pdf</TARGET>
	</MENU_ITEM>
</MENU>
</HELP>
</INFO>

ALTDDIO_OUT=mega_altddio -tALTDDIO_OUT %f
<INFO>
<MWII_INFO SUPPORTED="ON"/>
<NAV SUPPORTED="ON"/>
<LAF SUPPORTED="ON"/>
<WIZARD_TITLE>ALTDDIO_OUT</WIZARD_TITLE>
<LICENSE_CHECK VALUE="ON"/>
<DEVICE_FAMILY SUPPORT_CHECK="ON" SUPPORTED="NONE|family_has_ddio" AUTO_DEVICE_COMBOBOX="ON"/>
<TOOLTIP>Double Data Rate (DDR) output megafunction</TOOLTIP>
<SUMMARY_PAGE CNX_INFO="ON"/>
<QIP_FILE_ENABLED/>
<PINPLAN SUPPORTED="ON"/>
<VHDL_NO_COMPONENT_DECLARATION/>
<VERILOG_FULLY_CONNECTED_NETLIST/>
<RESOURCE_INFO_ENABLED/>
<HELP BUTTON="ON" MENU="ON">
<MENU>
	<MENU_ITEM TYPE="IUG">
		<LABEL>Altera Double Data Rate Megafunctions User Guide</LABEL>
		<TARGET>http://www.altera.com/literature/ug/ug_altddio.pdf</TARGET>
	</MENU_ITEM>
</MENU>
</HELP>
</INFO>

ALTDDIO_BIDIR=mega_altddio -tALTDDIO_BIDIR %f
<INFO>
<MWII_INFO SUPPORTED="ON"/>
<NAV SUPPORTED="ON"/>
<LAF SUPPORTED="ON"/>
<WIZARD_TITLE>ALTDDIO_BIDIR</WIZARD_TITLE>
<LICENSE_CHECK VALUE="ON"/>
<DEVICE_FAMILY SUPPORT_CHECK="ON" SUPPORTED="NONE|family_has_ddio" AUTO_DEVICE_COMBOBOX="ON"/>
<TOOLTIP>Double Data Rate (DDR) bidirectional megafunction</TOOLTIP>
<SUMMARY_PAGE CNX_INFO="ON"/>
<QIP_FILE_ENABLED/>
<PINPLAN SUPPORTED="ON"/>
<VHDL_NO_COMPONENT_DECLARATION/>
<VERILOG_FULLY_CONNECTED_NETLIST/>
<RESOURCE_INFO_ENABLED/>
<HELP BUTTON="ON" MENU="ON">
<MENU>
	<MENU_ITEM TYPE="IUG">
		<LABEL>Altera Double Data Rate Megafunctions User Guide</LABEL>
		<TARGET>http://www.altera.com/literature/ug/ug_altddio.pdf</TARGET>
	</MENU_ITEM>
</MENU>
</HELP>
</INFO>

ALTDQ=mega_altddio -tALTDQ %f
<INFO>
<MWII_INFO SUPPORTED="ON"/>
<NAV SUPPORTED="ON"/>
<LAF SUPPORTED="ON"/>
<WIZARD_TITLE>ALTDQ</WIZARD_TITLE>
<LICENSE_CHECK VALUE="ON"/>
<DEVICE_FAMILY SUPPORT_CHECK="ON" SUPPORTED="NONE|family_has_dq" AUTO_DEVICE_COMBOBOX="ON"/>
<TOOLTIP>DQ megafunction</TOOLTIP>
<SUMMARY_PAGE CNX_INFO="ON"/>
<QIP_FILE_ENABLED/>
<PINPLAN SUPPORTED="ON"/>
<RESOURCE_INFO_ENABLED/>
<HELP BUTTON="ON" MENU="ON">
<MENU>
	<MENU_ITEM TYPE="IUG">
		<LABEL>altdq and altdqs Megafunction User Guide</LABEL>
		<TARGET>http://www.altera.com/literature/ug/ug_altdq_dqs.pdf</TARGET>
	</MENU_ITEM>
</MENU>
</HELP>
</INFO>

ALTPLL=mega_altclklock -wizard_name:ALTPLL %f %s
<INFO>
<MWII_INFO SUPPORTED="ON"/>
<NAV SUPPORTED="ON"/>
<LAF SUPPORTED="ON"/>
<WIZARD_TITLE>ALTPLL</WIZARD_TITLE>
<LICENSE_CHECK VALUE="ON"/>
<DEVICE_FAMILY SUPPORT_CHECK="ON" SUPPORTED="NONE|family_has_altpll" AUTO_DEVICE_COMBOBOX="ON"/>
<TOOLTIP>Phase-locked loop (PLL) megafunction</TOOLTIP>
<SUMMARY_PAGE CNX_INFO="ON"/>
<QIP_FILE_ENABLED/>
<VERILOG_FULLY_CONNECTED_NETLIST/>
<PINPLAN SUPPORTED="ON"/>
<CBX_MODULE_PREFIX_ENABLED />
<HELP BUTTON="ON" MENU="ON">
<MENU>
	<MENU_ITEM TYPE="IUG">
		<LABEL>altpll Megafunction User Guide</LABEL>
		<TARGET>http://www.altera.com/literature/ug/ug_altpll.pdf</TARGET>
	</MENU_ITEM>
	<MENU_ITEM TYPE="IUG">
		<LABEL>General-Purpose PLLs in Stratix (GX) Devices</LABEL>
		<TARGET>http://www.altera.com/literature/hb/stx/ch_1_vol_2.pdf</TARGET>
	</MENU_ITEM>
	<MENU_ITEM TYPE="IUG">
		<LABEL>PLLs in Stratix II Devices</LABEL>
		<TARGET>http://www.altera.com/literature/hb/stx2/stx2_sii52001.pdf</TARGET>
	</MENU_ITEM>
	<MENU_ITEM TYPE="IUG">
		<LABEL>Clock Networks and PLLs in Stratix III Devices</LABEL>
		<TARGET>http://www.altera.com/literature/hb/stx3/stx3_siii51006.pdf	</TARGET>
	</MENU_ITEM>
	<MENU_ITEM TYPE="IUG">
		<LABEL>PLLs in Cyclone II Devices</LABEL>
		<TARGET>http://www.altera.com/literature/hb/cyc2/cyc2_cii51007.pdf</TARGET>
	</MENU_ITEM>
</MENU>
</HELP>
</INFO>

ALTASMI_PARALLEL=mega_altasmi %f
<INFO>
<MWII_INFO SUPPORTED="ON"/>
<NAV SUPPORTED="ON"/>
<LAF SUPPORTED="ON"/>
<WIZARD_TITLE>ALTASMI_PARALLEL</WIZARD_TITLE>
<SIMLIB_GEN SUPPORTED="STD_NO_SIMLIB_MSG"/>
<LICENSE_CHECK VALUE="ON"/>
<DEVICE_FAMILY SUPPORT_CHECK="ON" SUPPORTED="NONE|family_has_asmi"  AUTO_DEVICE_COMBOBOX="ON" />
<TOOLTIP>Parallel interface for access to EPCS memory</TOOLTIP>
<SUMMARY_PAGE CNX_INFO="ON"/>
<QIP_FILE_ENABLED/>
<RESOURCE_INFO_ENABLED/>
<HELP BUTTON="ON" MENU="ON">
<MENU>
	<MENU_ITEM TYPE="IUG">
		<LABEL>Configuration Handbook</LABEL>
		<TARGET> http://www.altera.com/literature/hb/cfg/cyc_c51014.pdf</TARGET>
	</MENU_ITEM>
	<MENU_ITEM TYPE="IUG">
		<LABEL>altasmi_parallel Megafunction User Guide</LABEL>
		<TARGET>http://www.altera.com/literature/ug/mfug_asmi.pdf</TARGET>
	</MENU_ITEM>
</MENU>
</HELP>
</INFO>

ALTGXB=mega_altcdr -wizard_name:ALTGXB %f
<INFO>
<MWII_INFO SUPPORTED="ON"/>
<NAV SUPPORTED="ON"/>
<LAF SUPPORTED="ON"/>
<WIZARD_TITLE>ALTGXB</WIZARD_TITLE>
<LICENSE_CHECK VALUE="ON"/><ILDCNXO VALUE="ON"/>
<DEVICE_FAMILY SUPPORT_CHECK="ON" SUPPORTED="NONE|family_STRATIXGX" AUTO_DEVICE_COMBOBOX="ON"/>
<TOOLTIP>Gigabit transceiver block (GXB) megafunction -- enables dedicated circuitry on Stratix GX devices</TOOLTIP>
<SUMMARY_PAGE CNX_INFO="ON"/>
<QIP_FILE_ENABLED/>
<PINPLAN SUPPORTED="ON"/>
<RESOURCE_INFO_ENABLED/>
<HELP BUTTON="ON" MENU="ON">
<MENU>
	<MENU_ITEM TYPE="IUG">
		<LABEL>Using Source-Synchronous Signaling with DPA in Stratix GX Devices</LABEL>
		<TARGET>http://www.altera.com/literature/an/an236.pdf</TARGET>
	</MENU_ITEM>
	<MENU_ITEM TYPE="IUG">
		<LABEL>Stratix GX Transceiver User Guide</LABEL>
		<TARGET>http://www.altera.com/literature/ug/ug_sgx.pdf</TARGET>
	</MENU_ITEM>
</MENU>
</HELP>
</INFO>

ALT2GXB=mega_altgxb %f
<INFO>
<MWII_INFO SUPPORTED="ON"/>
<NAV SUPPORTED="ON"/>
<LAF SUPPORTED="ON"/>
<WIZARD_TITLE>ALT2GXB</WIZARD_TITLE>
<SIMLIB_GEN SUPPORTED="ON"/>
<LICENSE_CHECK VALUE="ON"/>
<ILDCNXO VALUE="ON"/>
<DEVICE_FAMILY SUPPORT_CHECK="ON" SUPPORTED="NONE|family_stratixiigx" AUTO_DEVICE_COMBOBOX="ON"/>
<SUMMARY_PAGE CNX_INFO="ON"/>
<QIP_FILE_ENABLED/>
<SIMLIB_GEN SUPPORTED="ON"/>
<PINPLAN SUPPORTED="ON"/>
<LANGUAGES AHDL="OFF"/>
<HELP BUTTON="ON" MENU="ON">
<MENU>
	<MENU_ITEM TYPE="IUG_ALIAS">
		<LABEL>STRATIXIIGX_UG_LINK</LABEL>
		<TARGET>http://www.altera.com/literature/hb/stx2gx/stxiigx_sii5v2_01.pdf</TARGET>
	</MENU_ITEM>
	<MENU_ITEM TYPE="ALIAS">
		<LABEL>STRATIXIIGX_UG_LABEL</LABEL>
		<TARGET>Stratix II GX Transceiver User Guide</TARGET>
	</MENU_ITEM>
	<MENU_ITEM TYPE="IUG_ALIAS">
		<LABEL>STRATIXIIGX_MF_UG_LINK</LABEL>
		<TARGET>http://www.altera.com/literature/hb/stx2gx/stxiigx_sii52003.pdf</TARGET>
	</MENU_ITEM>
	<MENU_ITEM TYPE="ALIAS">
		<LABEL>STRATIXIIGX_MF_UG_LABEL</LABEL>
		<TARGET>alt2gxb Megafunction User Guide</TARGET>
	</MENU_ITEM>

	<MENU_ITEM TYPE="IUG_ALIAS">
		<LABEL>ARRIAGX_UG_LINK</LABEL>
		<TARGET>http://www.altera.com/literature/hb/agx/agx_5v2_01.pdf</TARGET>
	</MENU_ITEM>
	<MENU_ITEM TYPE="ALIAS">
		<LABEL>ARRIAGX_UG_LABEL</LABEL>
		<TARGET>Arria GX Transceiver User Guide</TARGET>
	</MENU_ITEM>
	<MENU_ITEM TYPE="IUG_ALIAS">
		<LABEL>ARRIAGX_MF_UG_LINK</LABEL>
		<TARGET>http://www.altera.com/literature/hb/agx/agx_52003.pdf</TARGET>
	</MENU_ITEM>
	<MENU_ITEM TYPE="ALIAS">
		<LABEL>ARRIAGX_MF_UG_LABEL</LABEL>
		<TARGET>alt2gxb Megafunction User Guide</TARGET>
	</MENU_ITEM>
</MENU>
</HELP>
</INFO>

ALTGX=mega_altgxb %f
<INFO>
<MWII_INFO SUPPORTED="ON"/>
<NAV SUPPORTED="ON"/>
<LAF SUPPORTED="ON"/>
<WIZARD_TITLE>ALTGX</WIZARD_TITLE>
<SIMLIB_GEN SUPPORTED="ON"/>
<LICENSE_CHECK VALUE="ON"/>
<ILDCNXO VALUE="ON"/>
<DEVICE_FAMILY SUPPORT_CHECK="ON" SUPPORTED="NONE|family_stratixiigx|family_STRATIXIV" AUTO_DEVICE_COMBOBOX="ON"/>
<SUMMARY_PAGE CNX_INFO="ON"/>
<QIP_FILE_ENABLED/>
<SIMLIB_GEN SUPPORTED="ON"/>
<PINPLAN SUPPORTED="ON"/>
<LANGUAGES AHDL="OFF"/>
<MF>ALT4GXB</MF>
<HELP BUTTON="ON" MENU="ON">
<MENU>
	<MENU_ITEM TYPE="IUG_ALIAS">
		<LABEL>STRATIXIIGX_UG_LINK</LABEL>
		<TARGET>http://www.altera.com/literature/hb/stx2gx/stxiigx_sii5v2_01.pdf</TARGET>
	</MENU_ITEM>
	<MENU_ITEM TYPE="ALIAS">
		<LABEL>STRATIXIIGX_UG_LABEL</LABEL>
		<TARGET>Stratix II GX Transceiver User Guide</TARGET>
	</MENU_ITEM>
	<MENU_ITEM TYPE="IUG_ALIAS">
		<LABEL>STRATIXIIGX_MF_UG_LINK</LABEL>
		<TARGET>http://www.altera.com/literature/hb/stx2gx/stxiigx_sii52003.pdf</TARGET>
	</MENU_ITEM>
	<MENU_ITEM TYPE="ALIAS">
		<LABEL>STRATIXIIGX_MF_UG_LABEL</LABEL>
		<TARGET>alt2gxb Megafunction User Guide</TARGET>
	</MENU_ITEM>

	<MENU_ITEM TYPE="IUG_ALIAS">
		<LABEL>ARRIAGX_UG_LINK</LABEL>
		<TARGET>http://www.altera.com/literature/hb/agx/agx_5v2_01.pdf</TARGET>
	</MENU_ITEM>
	<MENU_ITEM TYPE="ALIAS">
		<LABEL>ARRIAGX_UG_LABEL</LABEL>
		<TARGET>Arria GX Transceiver User Guide</TARGET>
	</MENU_ITEM>
	<MENU_ITEM TYPE="IUG_ALIAS">
		<LABEL>ARRIAGX_MF_UG_LINK</LABEL>
		<TARGET>http://www.altera.com/literature/hb/agx/agx_52003.pdf</TARGET>
	</MENU_ITEM>
	<MENU_ITEM TYPE="ALIAS">
		<LABEL>ARRIAGX_MF_UG_LABEL</LABEL>
		<TARGET>alt2gxb Megafunction User Guide</TARGET>
	</MENU_ITEM>

	<MENU_ITEM TYPE="IUG_ALIAS">
		<LABEL>STRATIXIV_MF_UG_LINK</LABEL>
		<TARGET>http://www.altera.com/literature/hb/stratix-iv/stx4_siv53001.pdf</TARGET>
	</MENU_ITEM>
	<MENU_ITEM TYPE="ALIAS">
		<LABEL>STRATIXIV_MF_UG_LABEL</LABEL>
		<TARGET>alt4gxb Megafunction User Guide</TARGET>
	</MENU_ITEM>

	<MENU_ITEM TYPE="IUG_ALIAS">
		<LABEL>STRATIXIV_UG_LINK</LABEL>
		<TARGET>http://www.altera.com/literature/hb/stratix-iv/stx4_5v2_01.pdf</TARGET>
	</MENU_ITEM>
	<MENU_ITEM TYPE="ALIAS">
		<LABEL>STRATIXIV_UG_LABEL</LABEL>
		<TARGET>Stratix IV Transceiver User Guide</TARGET>
	</MENU_ITEM>
	
	<MENU_ITEM TYPE="IUG_ALIAS">
		<LABEL>ARRIAIIGX_UG_LINK</LABEL>
		<TARGET>http://www.altera.com/literature/hb/arria-ii-gx/aiigx_5v2_01.pdf</TARGET>
	</MENU_ITEM>
	<MENU_ITEM TYPE="ALIAS">
		<LABEL>ARRIAIIGX_UG_LABEL</LABEL>
		<TARGET>Arria II GX Transceiver User Guide</TARGET>
	</MENU_ITEM>
	
</MENU>
</HELP>
</INFO>


ALTREMOTE_UPDATE=mega_altremote_update %f
<INFO>
<MWII_INFO SUPPORTED="ON"/>
<NAV SUPPORTED="ON"/>
<LAF SUPPORTED="ON"/>
<WIZARD_TITLE>ALTREMOTE_UPDATE</WIZARD_TITLE>
<LICENSE_CHECK VALUE="ON"/>
<DEVICE_FAMILY SUPPORT_CHECK="ON" SUPPORTED="NONE|family_has_rublock" AUTO_DEVICE_COMBOBOX="ON"/>
<TOOLTIP>Remote update megafunction -- allows for real-time reconfiguration of the device</TOOLTIP>
<SUMMARY_PAGE CNX_INFO="ON"/>
<QIP_FILE_ENABLED/>
<RESOURCE_INFO_ENABLED/>
<HELP BUTTON="ON" MENU="ON">
<MENU>
	<MENU_ITEM TYPE="IUG">
		<LABEL>altremote_update Megafunction User Guide</LABEL>
		<TARGET>http://www.altera.com/literature/ug/ug_altremote.pdf</TARGET>
	</MENU_ITEM>
	<MENU_ITEM TYPE="IUG">
		<LABEL>Remote System Configuration with Stratix (GX)</LABEL>
		<TARGET>http://www.altera.com/literature/hb/stx/ch_15_vol_2.pdf</TARGET>
	</MENU_ITEM>
	<MENU_ITEM TYPE="IUG">
		<LABEL>Remote System Upgrades with Stratix II</LABEL>
		<TARGET>http://www.altera.com/literature/hb/stx2/stx2_sii52008.pdf</TARGET>
	</MENU_ITEM>
	<MENU_ITEM TYPE="IUG">
		<LABEL>Remote System Upgrades with Stratix III</LABEL>
		<TARGET>http://www.altera.com/literature/hb/stx3/stx3_siii51012.pdf</TARGET>
	</MENU_ITEM>	
</MENU>
</HELP>
</INFO>

ALTPLL_RECONFIG=mega_altpll_reconfig %f
<INFO>
<MWII_INFO SUPPORTED="ON"/>
<NAV SUPPORTED="ON"/>
<LAF SUPPORTED="ON"/>
<WIZARD_TITLE>ALTPLL_RECONFIG</WIZARD_TITLE>
<LICENSE_CHECK VALUE="ON"/>
<DEVICE_FAMILY SUPPORT_CHECK="ON" SUPPORTED="NONE|family_base_stratix|family_stratixii|family_has_stratixiii_style_pll" AUTO_DEVICE_COMBOBOX="ON"/>
<TOOLTIP>Phase-locked loop (PLL) reconfiguration megafunction</TOOLTIP>
<SUMMARY_PAGE CNX_INFO="ON"/>
<QIP_FILE_ENABLED/>
<RESOURCE_INFO_ENABLED/>
<HELP BUTTON="ON" MENU="ON">
<MENU>
	<MENU_ITEM TYPE="IUG">
		<LABEL>altpll_reconfig Megafunction User Guide</LABEL>
		<TARGET>http://www.altera.com/literature/ug/ug_altpll_reconfig.pdf</TARGET>
	</MENU_ITEM>
	<MENU_ITEM TYPE="IUG">
		<LABEL>Implementing PLL Reconfiguration in Stratix & Stratix GX Devices</LABEL>
		<TARGET>http://www.altera.com/literature/an/an282.pdf</TARGET>
	</MENU_ITEM>
	<MENU_ITEM TYPE="IUG">
		<LABEL>Implementing PLL Reconfiguration in Stratix II Devices</LABEL>
		<TARGET>http://www.altera.com/literature/an/an367.pdf</TARGET>
	</MENU_ITEM>
</MENU>
</HELP>
</INFO>

ALT2GXB_RECONFIG=mega_alt2gxb_reconfig %f
<INFO>
<MWII_INFO SUPPORTED="ON"/>
<NAV SUPPORTED="ON"/>
<LAF SUPPORTED="ON"/>
<WIZARD_TITLE>ALT2GXB_RECONFIG</WIZARD_TITLE>
<LICENSE_CHECK VALUE="ON"/>
<DEVICE_FAMILY SUPPORT_CHECK="ON" SUPPORTED="NONE|family_stratixiigx" AUTO_DEVICE_COMBOBOX="ON"/>
<TOOLTIP>Alt2gxb reconfiguration megafunction</TOOLTIP>
<SUMMARY_PAGE CNX_INFO="ON"/>
<QIP_FILE_ENABLED/>
<RESOURCE_INFO_ENABLED/>
<HELP BUTTON="ON" MENU="ON">
<MENU>
	<MENU_ITEM TYPE="IUG">
		<LABEL>alt2gxb_reconfig Megafunction User Guide</LABEL>
		<TARGET>http://www.altera.com/literature/hb/stx2gx/stxiigx_sii52006.pdf</TARGET>
	</MENU_ITEM>
</MENU>
</HELP>
</INFO>

ALTGX_RECONFIG=mega_alt2gxb_reconfig %f
<INFO>
<MWII_INFO SUPPORTED="ON"/>
<NAV SUPPORTED="ON"/>
<LAF SUPPORTED="ON"/>
<WIZARD_TITLE>ALTGX_RECONFIG</WIZARD_TITLE>
<LICENSE_CHECK VALUE="ON"/>
<DEVICE_FAMILY SUPPORT_CHECK="ON" SUPPORTED="NONE|family_has_gxb_reconfig_in_wizard" AUTO_DEVICE_COMBOBOX="ON"/>
<TOOLTIP>ALTGX reconfiguration megafunction</TOOLTIP>
<SUMMARY_PAGE CNX_INFO="ON"/>
<QIP_FILE_ENABLED/>
<RESOURCE_INFO_ENABLED/>
<MF>ALT2GXB_RECONFIG</MF>
<HELP BUTTON="ON" MENU="ON">
<MENU>
	<MENU_ITEM TYPE="IUG">
		<LABEL>alt2gxb_reconfig Megafunction User Guide</LABEL>
		<TARGET>http://www.altera.com/literature/hb/stx2gx/stxiigx_sii52006.pdf</TARGET>
	</MENU_ITEM>
</MENU>
</HELP>
</INFO>


ALTDQS=mega_altdqs %f
<INFO>
<MWII_INFO SUPPORTED="ON"/>
<NAV SUPPORTED="ON"/>
<LAF SUPPORTED="ON"/>
<WIZARD_TITLE>ALTDQS</WIZARD_TITLE>
<DEVICE_FAMILY SUPPORT_CHECK="ON" SUPPORTED="NONE|family_base_stratix|family_base_stratixii|family_base_cycloneii|family_base_cycloneiii" AUTO_DEVICE_COMBOBOX="ON"/>
<TOOLTIP>DQ Strobe megafunction -- generates a DLL (Stratix-families) and associated DQS pins required to interface to DDR SDRAM or FCRAM</TOOLTIP>
<SUMMARY_PAGE CNX_INFO="ON"/>
<QIP_FILE_ENABLED/>
<PINPLAN SUPPORTED="ON"/>
<RESOURCE_INFO_ENABLED/>
<HELP BUTTON="ON" MENU="ON">
<MENU>
	<MENU_ITEM TYPE="IUG">
		<LABEL>altdq and altdqs Megafunction User Guide</LABEL>
		<TARGET>http://www.altera.com/literature/ug/ug_altdq_dqs.pdf</TARGET>
	</MENU_ITEM>
</MENU>
</HELP>
</INFO>

ALTCLKCTRL=mega_altclkbuf %f
<INFO>
<MWII_INFO SUPPORTED="ON"/>
<NAV SUPPORTED="ON"/>
<LAF SUPPORTED="ON"/>
<WIZARD_TITLE>ALTCLKCTRL</WIZARD_TITLE>
<DEVICE_FAMILY SUPPORT_CHECK="ON" SUPPORTED="NONE|family_stratixii|family_cycloneii" AUTO_DEVICE_COMBOBOX="ON"/>
<TOOLTIP>altclkctrl megafunction</TOOLTIP>
<SUMMARY_PAGE CNX_INFO="ON"/>
<QIP_FILE_ENABLED/>
<RESOURCE_INFO_ENABLED/>
<HELP BUTTON="ON" MENU="ON">
<MENU>
	<MENU_ITEM TYPE="IUG">
		<LABEL>altclkctrl Megafunction User Guide</LABEL>
		<TARGET>http://www.altera.com/literature/ug/ug_altclock.pdf</TARGET>
	</MENU_ITEM>
</MENU>
</HELP>
</INFO>

MAX II oscillator=mega_altufm -tOSC %f
<INFO>
<MWII_INFO SUPPORTED="ON"/>
<NAV SUPPORTED="ON"/>
<LAF SUPPORTED="ON"/>
<WIZARD_TITLE>IO/MAX II Oscillator</WIZARD_TITLE>
<LICENSE_CHECK VALUE="ON"/>
<DEVICE_FAMILY SUPPORT_CHECK="ON"
 SUPPORTED="NONE|family_maxii" AUTO_DEVICE_COMBOBOX="ON"/>
<TOOLTIP>Oscillator from the user flash memory</TOOLTIP>
<MF>ALTUFM_OSC -tOSC</MF>
<SUMMARY_PAGE CNX_INFO="ON"/>
<QIP_FILE_ENABLED/>
<RESOURCE_INFO_ENABLED/>
<HELP BUTTON="ON" MENU="ON">
<MENU>
	<MENU_ITEM TYPE="IUG">
		<LABEL>Using oscillator and user flash memory in MAX II</LABEL>
		<TARGET>http://www.altera.com/literature/hb/max2/max2_mii51010.pdf</TARGET>
	</MENU_ITEM>
</MENU>
</HELP>
</INFO>

ALTOCT=mega_alt_oct %f
<INFO>
<MWII_INFO SUPPORTED="ON"/>
<NAV SUPPORTED="ON"/>
<LAF SUPPORTED="ON"/>
<WIZARD_TITLE>ALT_OCT</WIZARD_TITLE>
<DEVICE_FAMILY SUPPORT_CHECK="ON" SUPPORTED="NONE|family_base_stratixiii" AUTO_DEVICE_COMBOBOX="ON"/>
<TOOLTIP>On-Chip Termination megafunction</TOOLTIP>
<RESOURCE_INFO_ENABLED/>
<SUMMARY_PAGE CNX_INFO="ON"/>
<QIP_FILE_ENABLED/>
<MF>ALT_OCT,ALT_OCT_POWER -tALT_OCT_POWER,ALT_OCT_AII</MF>
<HELP BUTTON="ON" MENU="ON">
<MENU>
	<MENU_ITEM TYPE="IUG">
		<LABEL>alt_oct Megafunction User Guide</LABEL>
		<TARGET>http://www.altera.com/literature/ug/ALT_OCT.pdf</TARGET>
	</MENU_ITEM>
</MENU>
</HELP>
</INFO>
