INCLUDE[-LSTPATH]="altera/alpha_blending_mixer/lib"
INCLUDE[-LSTPATH]="altera/asi/lib"
INCLUDE[-LSTPATH]="altera/chroma_resampler/lib"
INCLUDE[-LSTPATH]="altera/cic/lib"
INCLUDE[-LSTPATH]="altera/clipper/lib"
INCLUDE[-LSTPATH]="altera/clocked_video_input/lib"
INCLUDE[-LSTPATH]="altera/clocked_video_output/lib"
INCLUDE[-LSTPATH]="altera/color_plane_sequencer/lib"
INCLUDE[-LSTPATH]="altera/crc_compiler/lib"
INCLUDE[-LSTPATH]="altera/csc/lib"
INCLUDE[-LSTPATH]="altera/ddr2_high_perf/lib"
INCLUDE[-LSTPATH]="altera/ddr3_high_perf/lib"
INCLUDE[-LSTPATH]="altera/ddr_ddr2_sdram/lib"
INCLUDE[-LSTPATH]="altera/ddr_ddr2_sdram/lib"
INCLUDE[-LSTPATH]="altera/ddr_high_perf/lib"
INCLUDE[-LSTPATH]="altera/deinterlacer/lib"
INCLUDE[-LSTPATH]="altera/ed8b10b/lib"
INCLUDE[-LSTPATH]="altera/fft/lib"
INCLUDE[-LSTPATH]="altera/fir_compiler/lib"
INCLUDE[-LSTPATH]="altera/fir_filter_2d/lib"
INCLUDE[-LSTPATH]="altera/frame_buffer/lib"
INCLUDE[-LSTPATH]="altera/gamma_corrector/lib"
INCLUDE[-LSTPATH]="altera/ht/lib"
INCLUDE[-LSTPATH]="altera/line_buffer_compiler/lib"
INCLUDE[-LSTPATH]="altera/median_filter_2d/lib"
INCLUDE[-LSTPATH]="altera/nco/lib"
INCLUDE[-LSTPATH]="altera/pci_compiler/lib"
INCLUDE[-LSTPATH]="altera/pci_express_compiler/lib"
INCLUDE[-LSTPATH]="altera/posphy_l2_l3/lib"
INCLUDE[-LSTPATH]="altera/posphy_l4/lib"
INCLUDE[-LSTPATH]="altera/qdrii_sram_controller/lib"
INCLUDE[-LSTPATH]="altera/rapidio/lib"
INCLUDE[-LSTPATH]="altera/reed_solomon/lib"
INCLUDE[-LSTPATH]="altera/rldram_ii_controller/lib"
INCLUDE[-LSTPATH]="altera/scaler/lib"
INCLUDE[-LSTPATH]="altera/sdi/lib"
INCLUDE[-LSTPATH]="altera/seriallite_ii/lib"
INCLUDE[-LSTPATH]="altera/test_pattern_generator/lib"
INCLUDE[-LSTPATH]="altera/triple_speed_ethernet/lib"
INCLUDE[-LSTPATH]="altera/utopia2_master/lib"
INCLUDE[-LSTPATH]="altera/utopia2_slave/lib"
INCLUDE[-LSTPATH]="altera/viterbi/lib"

